Archive member included to satisfy reference by file (symbol)

/usr/lib/aarch64-linux-gnu/libc_nonshared.a(pthread_atfork.oS)
                              /tmp/tmp.mK74ILubrR.o (pthread_atfork)

Merging program properties

Removed property 0xc0000000 to merge /usr/lib/gcc/aarch64-linux-gnu/13/crtbeginS.o (0x3) and /lib/aarch64-linux-gnu/crti.o (not found)
Removed property 0xc0000000 to merge /usr/lib/gcc/aarch64-linux-gnu/13/crtbeginS.o (not found) and /usr/lib/gcc/aarch64-linux-gnu/13/crtendS.o (0x3)

As-needed library included to satisfy reference by file (symbol)

libgcc_s.so.1                 /tmp/tmp.ZRiHNRtepR.o (_Unwind_Resume@@GCC_3.0)

Discarded input sections

 .data          0x0000000000000000        0x0 /lib/aarch64-linux-gnu/crti.o
 .bss           0x0000000000000000        0x0 /lib/aarch64-linux-gnu/crti.o
 .note.GNU-stack
                0x0000000000000000        0x0 /lib/aarch64-linux-gnu/crti.o
 .data          0x0000000000000000        0x0 /usr/lib/gcc/aarch64-linux-gnu/13/crtbeginS.o
 .note.GNU-stack
                0x0000000000000000        0x0 /usr/lib/gcc/aarch64-linux-gnu/13/crtbeginS.o
 .note.gnu.property
                0x0000000000000000       0x20 /usr/lib/gcc/aarch64-linux-gnu/13/crtbeginS.o
 .llvmbc        0x0000000000000000      0x968 /tmp/tmp.jxHTwhT1N1.o
 .llvmcmd       0x0000000000000000        0x0 /tmp/tmp.jxHTwhT1N1.o
 .note.GNU-stack
                0x0000000000000000        0x0 /tmp/tmp.jxHTwhT1N1.o
 .llvmbc        0x0000000000000000   0x15165c /tmp/tmp.ZRiHNRtepR.o
 .llvmcmd       0x0000000000000000        0x0 /tmp/tmp.ZRiHNRtepR.o
 .group         0x0000000000000000        0xc /tmp/tmp.ZRiHNRtepR.o
 .note.GNU-stack
                0x0000000000000000        0x0 /tmp/tmp.ZRiHNRtepR.o
 .text          0x0000000000000000        0x0 /tmp/tmp.XLOIlQulI6.o
 .llvmbc        0x0000000000000000      0x8d0 /tmp/tmp.XLOIlQulI6.o
 .llvmcmd       0x0000000000000000        0x0 /tmp/tmp.XLOIlQulI6.o
 .comment       0x0000000000000000       0x35 /tmp/tmp.XLOIlQulI6.o
 .note.GNU-stack
                0x0000000000000000        0x0 /tmp/tmp.XLOIlQulI6.o
 .text          0x0000000000000000        0x0 /tmp/tmp.BmDVNAVrZo.o
 .llvmbc        0x0000000000000000      0x8e8 /tmp/tmp.BmDVNAVrZo.o
 .llvmcmd       0x0000000000000000        0x0 /tmp/tmp.BmDVNAVrZo.o
 .comment       0x0000000000000000       0x35 /tmp/tmp.BmDVNAVrZo.o
 .note.GNU-stack
                0x0000000000000000        0x0 /tmp/tmp.BmDVNAVrZo.o
 .llvmbc        0x0000000000000000   0x1a289c /tmp/tmp.j1zMqkiwIM.o
 .llvmcmd       0x0000000000000000        0x0 /tmp/tmp.j1zMqkiwIM.o
 .group         0x0000000000000000        0xc /tmp/tmp.j1zMqkiwIM.o
 .data.DW.ref.rust_eh_personality
                0x0000000000000000        0x8 /tmp/tmp.j1zMqkiwIM.o
 .note.GNU-stack
                0x0000000000000000        0x0 /tmp/tmp.j1zMqkiwIM.o
 .llvmbc        0x0000000000000000    0x3ce40 /tmp/tmp.1AvJ5bNGPW.o
 .llvmcmd       0x0000000000000000        0x0 /tmp/tmp.1AvJ5bNGPW.o
 .group         0x0000000000000000        0xc /tmp/tmp.1AvJ5bNGPW.o
 .data.DW.ref.rust_eh_personality
                0x0000000000000000        0x8 /tmp/tmp.1AvJ5bNGPW.o
 .note.GNU-stack
                0x0000000000000000        0x0 /tmp/tmp.1AvJ5bNGPW.o
 .text          0x0000000000000000        0x0 /tmp/tmp.iHIDCtMzD0.o
 .llvmbc        0x0000000000000000      0x8cc /tmp/tmp.iHIDCtMzD0.o
 .llvmcmd       0x0000000000000000        0x0 /tmp/tmp.iHIDCtMzD0.o
 .comment       0x0000000000000000       0x35 /tmp/tmp.iHIDCtMzD0.o
 .note.GNU-stack
                0x0000000000000000        0x0 /tmp/tmp.iHIDCtMzD0.o
 .llvmbc        0x0000000000000000    0x134b4 /tmp/tmp.T4JcO1buAE.o
 .llvmcmd       0x0000000000000000        0x0 /tmp/tmp.T4JcO1buAE.o
 .note.GNU-stack
                0x0000000000000000        0x0 /tmp/tmp.T4JcO1buAE.o
 .llvmbc        0x0000000000000000    0x1e180 /tmp/tmp.tnd3D19n8w.o
 .llvmcmd       0x0000000000000000        0x0 /tmp/tmp.tnd3D19n8w.o
 .note.GNU-stack
                0x0000000000000000        0x0 /tmp/tmp.tnd3D19n8w.o
 .text          0x0000000000000000        0x0 /tmp/tmp.QbNYe1FjXW.o
 .llvmbc        0x0000000000000000      0x8d0 /tmp/tmp.QbNYe1FjXW.o
 .llvmcmd       0x0000000000000000        0x0 /tmp/tmp.QbNYe1FjXW.o
 .comment       0x0000000000000000       0x35 /tmp/tmp.QbNYe1FjXW.o
 .note.GNU-stack
                0x0000000000000000        0x0 /tmp/tmp.QbNYe1FjXW.o
 .llvmbc        0x0000000000000000    0xa0b78 /tmp/tmp.qgbdJ0RIaK.o
 .llvmcmd       0x0000000000000000        0x0 /tmp/tmp.qgbdJ0RIaK.o
 .note.GNU-stack
                0x0000000000000000        0x0 /tmp/tmp.qgbdJ0RIaK.o
 .llvmbc        0x0000000000000000    0x29e04 /tmp/tmp.02UVREPIR3.o
 .llvmcmd       0x0000000000000000        0x0 /tmp/tmp.02UVREPIR3.o
 .note.GNU-stack
                0x0000000000000000        0x0 /tmp/tmp.02UVREPIR3.o
 .llvmbc        0x0000000000000000    0xbb7b8 /tmp/tmp.jif7ZMerv3.o
 .llvmcmd       0x0000000000000000        0x0 /tmp/tmp.jif7ZMerv3.o
 .note.GNU-stack
[...]
Memory Configuration

Name             Origin             Length             Attributes
*default*        0x0000000000000000 0xffffffffffffffff

Linker script and memory map

LOAD /lib/aarch64-linux-gnu/crti.o
LOAD /usr/lib/gcc/aarch64-linux-gnu/13/crtbeginS.o
LOAD /tmp/tmp.jxHTwhT1N1.o
LOAD /tmp/tmp.ZRiHNRtepR.o
LOAD /tmp/tmp.XLOIlQulI6.o
LOAD /tmp/tmp.BmDVNAVrZo.o
LOAD /tmp/tmp.j1zMqkiwIM.o
LOAD /tmp/tmp.1AvJ5bNGPW.o
LOAD /tmp/tmp.iHIDCtMzD0.o
LOAD /tmp/tmp.T4JcO1buAE.o
LOAD /tmp/tmp.tnd3D19n8w.o
LOAD /tmp/tmp.QbNYe1FjXW.o
LOAD /tmp/tmp.qgbdJ0RIaK.o
LOAD /tmp/tmp.02UVREPIR3.o
LOAD /tmp/tmp.jif7ZMerv3.o
LOAD /tmp/tmp.wEo1ns4GKV.o
LOAD /tmp/tmp.yY4AXHMtRa.o
LOAD /tmp/tmp.l76HFRc2z8.o
LOAD /tmp/tmp.368W3XSNDN.o
LOAD /tmp/tmp.7cB97wCUxJ.o
LOAD /tmp/tmp.fly7mVkzgC.o
LOAD /tmp/tmp.8JBNuUmbgF.o
LOAD /tmp/tmp.cWmliQENNM.o
LOAD /tmp/tmp.I1hY5EymVo.o
LOAD /tmp/tmp.DWP6luA7mj.o
LOAD /tmp/tmp.kEP4qVmKgW.o
LOAD /tmp/tmp.3xIdfUSbiF.o
LOAD /tmp/tmp.ydWpPdcAJ4.o
LOAD /tmp/tmp.hE4DplIHT5.o
LOAD /tmp/tmp.bRvc12isai.o
LOAD /tmp/tmp.pLiPOMntxt.o
LOAD /tmp/tmp.JmIJEwawQy.o
LOAD /tmp/tmp.HDPuaqhhZu.o
LOAD /tmp/tmp.LlEReZ0Za2.o
LOAD /tmp/tmp.jmwwJDUOZj.o
LOAD /tmp/tmp.ORH0yeivYX.o
LOAD /tmp/tmp.W5jPSL7q1h.o
LOAD /tmp/tmp.18nOMT9MRe.o
LOAD /tmp/tmp.cDPw3yBmbF.o
LOAD /tmp/tmp.ROpYMn2IxR.o
LOAD /tmp/tmp.mK74ILubrR.o
LOAD /tmp/tmp.YRYzENnSY1.o
LOAD /tmp/tmp.T7CzPgFdQq.o
LOAD /tmp/tmp.11GKO8fURX.o
LOAD /tmp/tmp.S8xLcpI71A.o
LOAD /tmp/tmp.XCromRbr5b.o
LOAD /tmp/tmp.hEmJwKoWwh.o
LOAD /tmp/tmp.xPd6T95Idf.o
LOAD /tmp/tmp.dsTP65KCKy.o
LOAD /tmp/tmp.olhGuzdtoQ.o
LOAD /root/.rustup/toolchains/nightly-2025-01-16-aarch64-unknown-linux-gnu/lib/rustlib/aarch64-unknown-linux-gnu/lib/libstd.so
LOAD /usr/lib/gcc/aarch64-linux-gnu/13/libgcc.a
LOAD /usr/lib/gcc/aarch64-linux-gnu/13/libgcc_s.so
START GROUP
LOAD /lib/aarch64-linux-gnu/libgcc_s.so.1
LOAD /usr/lib/gcc/aarch64-linux-gnu/13/libgcc.a
END GROUP
LOAD /lib/aarch64-linux-gnu/libc.so
START GROUP
LOAD /lib/aarch64-linux-gnu/libc.so.6
LOAD /usr/lib/aarch64-linux-gnu/libc_nonshared.a
LOAD /lib/ld-linux-aarch64.so.1
END GROUP
LOAD /usr/lib/gcc/aarch64-linux-gnu/13/libgcc.a
LOAD /usr/lib/gcc/aarch64-linux-gnu/13/libgcc_s.so
START GROUP
LOAD /lib/aarch64-linux-gnu/libgcc_s.so.1
LOAD /usr/lib/gcc/aarch64-linux-gnu/13/libgcc.a
END GROUP
LOAD /usr/lib/gcc/aarch64-linux-gnu/13/crtendS.o
LOAD /lib/aarch64-linux-gnu/crtn.o
                0x00000000000001c8                . = (SEGMENT_START ("text-segment", 0x0) + SIZEOF_HEADERS)

.note.gnu.build-id
 *(.note.gnu.build-id)

.hash
 *(.hash)

.gnu.hash       0x00000000000001c8     0x57a4
 *(.gnu.hash)
 .gnu.hash      0x00000000000001c8     0x57a4 /lib/aarch64-linux-gnu/crti.o

.dynsym         0x0000000000005970    0x12f90
 *(.dynsym)
 .dynsym        0x0000000000005970    0x12f90 /lib/aarch64-linux-gnu/crti.o

.dynstr         0x0000000000018900    0x48803
 *(.dynstr)
 .dynstr        0x0000000000018900    0x48803 /lib/aarch64-linux-gnu/crti.o

.gnu.version    0x0000000000061104     0x194c
 *(.gnu.version)
 .gnu.version   0x0000000000061104     0x194c /lib/aarch64-linux-gnu/crti.o

.gnu.version_d  0x0000000000062a50        0x0
 *(.gnu.version_d)
 .gnu.version_d
                0x0000000000062a50        0x0 /lib/aarch64-linux-gnu/crti.o

.gnu.version_r  0x0000000000062a50       0xf0
 *(.gnu.version_r)
 .gnu.version_r
                0x0000000000062a50       0xf0 /lib/aarch64-linux-gnu/crti.o

.rela.dyn       0x0000000000062b40     0xc588
 *(.rela.init)
 *(.rela.text .rela.text.* .rela.gnu.linkonce.t.*)
 *(.rela.fini)
 *(.rela.rodata .rela.rodata.* .rela.gnu.linkonce.r.*)
 *(.rela.data .rela.data.* .rela.gnu.linkonce.d.*)
 .rela.data.rel.local
                0x0000000000062b40       0x18 /lib/aarch64-linux-gnu/crti.o
 .rela.data.rel.ro
                0x0000000000062b58     0xbca0 /lib/aarch64-linux-gnu/crti.o
 .rela.data.DW.ref.rust_eh_personality
                0x000000000006e7f8       0x18 /lib/aarch64-linux-gnu/crti.o
 .rela.data     0x000000000006e810       0x30 /lib/aarch64-linux-gnu/crti.o
 *(.rela.tdata .rela.tdata.* .rela.gnu.linkonce.td.*)
 *(.rela.tbss .rela.tbss.* .rela.gnu.linkonce.tb.*)
 *(.rela.ctors)
 *(.rela.dtors)
 *(.rela.got)
 .rela.got      0x000000000006e840      0x840 /lib/aarch64-linux-gnu/crti.o
 *(.rela.bss .rela.bss.* .rela.gnu.linkonce.b.*)
 *(.rela.ifunc)
 .rela.ifunc    0x000000000006f080        0x0 /lib/aarch64-linux-gnu/crti.o
 .rela.fini_array
                0x000000000006f080       0x18 /lib/aarch64-linux-gnu/crti.o
 .rela.init_array
                0x000000000006f098       0x18 /lib/aarch64-linux-gnu/crti.o
 .rela.init_array.00099
                0x000000000006f0b0       0x18 /lib/aarch64-linux-gnu/crti.o

.rela.plt       0x000000000006f0c8     0x4560
 *(.rela.plt)
 .rela.plt      0x000000000006f0c8     0x4560 /lib/aarch64-linux-gnu/crti.o
 *(.rela.iplt)

.init           0x0000000000073628       0x18
 *(SORT_NONE(.init))
 .init          0x0000000000073628       0x10 /lib/aarch64-linux-gnu/crti.o
                0x0000000000073628                _init
 .init          0x0000000000073638        0x8 /lib/aarch64-linux-gnu/crtn.o

.plt            0x0000000000073640     0x2d80
 *(.plt)
 .plt           0x0000000000073640     0x2d80 /lib/aarch64-linux-gnu/crti.o
 *(.iplt)

.text           0x00000000000763c0   0x22d0a8
 *(.text.unlikely .text.*_unlikely .text.unlikely.*)
 .text.unlikely.
                0x00000000000763c0     0x22e0 /tmp/tmp.ZRiHNRtepR.o
                0x00000000000769ac                serde_json::de::Deserializer<R>::parse_long_integer
                0x0000000000076da0                serde_json::de::Deserializer<R>::parse_decimal_overflow
                0x000000000007712c                serde_json::de::Deserializer<R>::parse_exponent_overflow
                0x00000000000772c0                serde_json::error::Error::syntax
                0x00000000000773d4                serde_json::error::Error::io
                0x000000000007782c                <serde_json::error::Error as serde::de::Error>::invalid_type
                0x00000000000778c8                <serde_json::error::Error as serde::de::Error>::invalid_value
                0x00000000000779c4                serde_json::value::de::<impl serde_json::value::Value>::unexpected
 .text.unlikely.
                0x00000000000786a0      0x464 /tmp/tmp.j1zMqkiwIM.o
 .text.unlikely.
                0x0000000000078b04      0x688 /tmp/tmp.1AvJ5bNGPW.o
                0x0000000000078f58                ndarray::arraytraits::array_out_of_bounds
                0x0000000000078f90                ndarray::linalg::impl_linalg::dot_shape_error
                0x00000000000790cc                ndarray::linalg::impl_linalg::general_dot_shape_error
 .text.unlikely.
                0x000000000007918c     0x181c /tmp/tmp.yY4AXHMtRa.o
                0x0000000000079818                hashbrown::raw::RawTable<T,A>::reserve_rehash
 .text.unlikely.
                0x000000000007a9a8     0x3f3c /tmp/tmp.fly7mVkzgC.o
                0x000000000007a9e8                core::panicking::assert_failed
                0x000000000007aa44                core::panicking::assert_failed
                0x000000000007aa9c                core::panicking::assert_failed
                0x000000000007b320                std::io::buffered::bufwriter::BufWriter<W>::write_cold
                0x000000000007b518                std::io::buffered::bufwriter::BufWriter<W>::write_all_cold
                0x000000000007b820                std::process::abort
                0x000000000007b844                std::sync::mpmc::context::Context::new
                0x000000000007bbd4                std::sync::lazy_lock::panic_poisoned
                0x000000000007cee0                std::panicking::panic_count::is_zero_slow_path
                0x000000000007cf30                std::panicking::try::cleanup
                0x000000000007cfcc                std::panicking::begin_panic
                0x000000000007d0b0                std::sys::sync::mutex::futex::Mutex::lock_contended
                0x000000000007d398                std::sys::sync::mutex::futex::Mutex::wake
                0x000000000007d7f4                std::sys::sync::once::futex::Once::call
                0x000000000007ddb8                std::sys::sync::rwlock::futex::RwLock::read_contended
                0x000000000007e188                std::sys::sync::rwlock::futex::RwLock::write_contended
                0x000000000007e4d0                std::sys::sync::rwlock::futex::RwLock::wake_writer_or_readers
 .text.unlikely.
                0x000000000007e8e4      0x428 /tmp/tmp.8JBNuUmbgF.o
 .text.unlikely.
                0x000000000007ed0c      0x488 /tmp/tmp.DWP6luA7mj.o
 .text.unlikely.
                0x000000000007f194     0x2404 /tmp/tmp.kEP4qVmKgW.o
                0x00000000000800e0                hashbrown::raw::RawTable<T,A>::reserve_rehash
                0x00000000000807c8                hashbrown::raw::RawTable<T,A>::reserve_rehash
                0x0000000000080eb0                hashbrown::raw::RawTable<T,A>::reserve_rehash
 .text.unlikely.
                0x0000000000081598      0xb04 /tmp/tmp.ydWpPdcAJ4.o
                0x0000000000081ea4                anyhow::error::<impl anyhow::Error>::chain
                0x0000000000081ef4                anyhow::error::<impl core::convert::From<anyhow::Error> for alloc::boxed::Box<dyn core::error::Error>>::from
                0x0000000000081ef4                anyhow::error::<impl core::convert::From<anyhow::Error> for alloc::boxed::Box<dyn core::error::Error+core::marker::Send>>::from
                0x0000000000081ef4                anyhow::error::<impl core::convert::From<anyhow::Error> for alloc::boxed::Box<dyn core::error::Error+core::marker::Sync+core::marker::Send>>::from
                0x0000000000081f2c                anyhow::error::<impl anyhow::Error>::from_boxed
                0x0000000000081f2c                anyhow::kind::Boxed::new
 .text.unlikely.
                0x000000000008209c     0x1408 /tmp/tmp.hE4DplIHT5.o
                0x000000000008209c                core::num::int_log10::panic_for_nonpositive_argument
                0x00000000000820ec                core::num::int_sqrt::panic_for_negative_argument
                0x000000000008213c                core::num::overflow_panic::add
                0x000000000008218c                core::num::overflow_panic::sub
                0x00000000000821dc                core::num::overflow_panic::mul
                0x000000000008222c                core::num::overflow_panic::div
                0x000000000008227c                core::num::overflow_panic::rem
                0x00000000000822cc                core::num::overflow_panic::neg
                0x000000000008231c                core::num::overflow_panic::shr
                0x000000000008236c                core::num::overflow_panic::shl
                0x00000000000823bc                core::num::from_str_radix_panic
                0x00000000000823f4                core::cell::lazy::panic_poisoned
                0x0000000000082444                core::cell::panic_already_borrowed
                0x00000000000824a4                core::cell::panic_already_mutably_borrowed
                0x0000000000082504                core::option::unwrap_failed
                0x000000000008253c                core::option::expect_failed
                0x00000000000825ac                core::panicking::panic_fmt
                0x00000000000825f0                core::panicking::panic_nounwind_fmt
                0x000000000008266c                core::panicking::panic
                0x00000000000826c8                core::panicking::panic_nounwind
                0x0000000000082728                core::panicking::panic_nounwind_nobacktrace
                0x0000000000082788                core::panicking::panic_explicit
                0x00000000000827ec                core::panicking::panic_bounds_check
                0x0000000000082864                core::panicking::panic_misaligned_pointer_dereference
                0x000000000008291c                core::panicking::panic_cannot_unwind
                0x000000000008294c                core::panicking::panic_in_cleanup
                0x000000000008297c                core::panicking::assert_failed
                0x00000000000829c8                core::panicking::assert_failed
                0x0000000000082a14                core::panicking::assert_failed_inner
                0x0000000000082bb4                core::result::unwrap_failed
                0x0000000000082c44                core::slice::sort::shared::smallsort::panic_on_ord_violation
                0x0000000000082c94                core::slice::index::slice_start_index_len_fail
                0x0000000000082cd4                core::slice::index::slice_end_index_len_fail
                0x0000000000082d14                core::slice::index::slice_index_order_fail
                0x0000000000082d54                core::slice::index::slice_start_index_overflow_fail
                0x0000000000082da4                core::slice::index::slice_end_index_overflow_fail
                0x0000000000082df4                core::slice::<impl [T]>::copy_from_slice::len_mismatch_fail
                0x0000000000082e34                core::str::traits::str_index_overflow_fail
                0x0000000000082e84                core::str::slice_error_fail
                0x0000000000082ed8                core::intrinsics::mir::Retag::panic_cold_explicit
                0x0000000000082ed8                core::intrinsics::mir::CopyForDeref::panic_cold_explicit
                0x0000000000082ed8                core::intrinsics::mir::CastTransmute::panic_cold_explicit
                0x0000000000082ed8                core::intrinsics::mir::Field::panic_cold_explicit
                0x0000000000082ed8                core::intrinsics::mir::Return::panic_cold_explicit
                0x0000000000082ed8                core::intrinsics::mir::Goto::panic_cold_explicit
                0x0000000000082ed8                core::intrinsics::mir::UnwindUnreachable::panic_cold_explicit
                0x0000000000082ed8                core::intrinsics::mir::Static::panic_cold_explicit
                0x0000000000082ed8                core::intrinsics::mir::Offset::panic_cold_explicit
                0x0000000000082ed8                core::intrinsics::mir::PtrMetadata::panic_cold_explicit
                0x0000000000082ed8                core::intrinsics::mir::Call::panic_cold_explicit
                0x0000000000082ed8                core::intrinsics::mir::Checked::panic_cold_explicit
                0x0000000000082ed8                core::intrinsics::mir::Unreachable::panic_cold_explicit
                0x0000000000082ed8                core::intrinsics::mir::Discriminant::panic_cold_explicit
                0x0000000000082ed8                core::intrinsics::mir::UnwindCleanup::panic_cold_explicit
                0x0000000000082ed8                core::intrinsics::mir::Move::panic_cold_explicit
                0x0000000000082ed8                core::intrinsics::mir::SetDiscriminant::panic_cold_explicit
                0x0000000000082ed8                core::intrinsics::mir::UnwindTerminate::panic_cold_explicit
                0x0000000000082ed8                core::intrinsics::mir::Drop::panic_cold_explicit
                0x0000000000082ed8                core::intrinsics::mir::StaticMut::panic_cold_explicit
                0x0000000000082ed8                core::intrinsics::mir::Deinit::panic_cold_explicit
                0x0000000000082ed8                core::intrinsics::mir::StorageLive::panic_cold_explicit
                0x0000000000082ed8                core::intrinsics::mir::Assume::panic_cold_explicit
                0x0000000000082ed8                core::intrinsics::mir::__debuginfo::panic_cold_explicit
                0x0000000000082ed8                core::intrinsics::mir::ReturnTo::panic_cold_explicit
                0x0000000000082ed8                core::intrinsics::mir::TailCall::panic_cold_explicit
                0x0000000000082ed8                core::intrinsics::mir::StorageDead::panic_cold_explicit
                0x0000000000082ed8                core::intrinsics::mir::Variant::panic_cold_explicit
                0x0000000000082ed8                core::intrinsics::mir::__internal_make_place::panic_cold_explicit
                0x0000000000082ed8                core::intrinsics::mir::UnwindContinue::panic_cold_explicit
                0x0000000000082ed8                core::intrinsics::mir::UnwindResume::panic_cold_explicit
                0x0000000000082ed8                core::intrinsics::mir::CastPtrToPtr::panic_cold_explicit
                0x0000000000082f04                core::panicking::panic_const::panic_const_add_overflow
                0x0000000000082f54                core::panicking::panic_const::panic_const_sub_overflow
                0x0000000000082fa4                core::panicking::panic_const::panic_const_mul_overflow
                0x0000000000082ff4                core::panicking::panic_const::panic_const_div_overflow
                0x0000000000083044                core::panicking::panic_const::panic_const_rem_overflow
                0x0000000000083094                core::panicking::panic_const::panic_const_neg_overflow
                0x00000000000830e4                core::panicking::panic_const::panic_const_shr_overflow
                0x0000000000083134                core::panicking::panic_const::panic_const_shl_overflow
                0x0000000000083184                core::panicking::panic_const::panic_const_div_by_zero
                0x00000000000831d4                core::panicking::panic_const::panic_const_rem_by_zero
                0x0000000000083224                core::panicking::panic_const::panic_const_coroutine_resumed
                0x0000000000083274                core::panicking::panic_const::panic_const_async_fn_resumed
                0x00000000000832c4                core::panicking::panic_const::panic_const_async_gen_fn_resumed
                0x0000000000083314                core::panicking::panic_const::panic_const_gen_fn_none
                0x0000000000083364                core::panicking::panic_const::panic_const_coroutine_resumed_panic
                0x00000000000833b4                core::panicking::panic_const::panic_const_async_fn_resumed_panic
                0x0000000000083404                core::panicking::panic_const::panic_const_async_gen_fn_resumed_panic
                0x0000000000083454                core::panicking::panic_const::panic_const_gen_fn_none_panic
 .text.unlikely.
                0x00000000000834a4       0x24 /tmp/tmp.bRvc12isai.o
                0x00000000000834a4                std_detect::detect::cache::detect_and_initialize
 .text.unlikely.
                0x00000000000834c8      0x1cc /tmp/tmp.ORH0yeivYX.o
                0x00000000000834c8                memchr::arch::all::rabinkarp::is_equal_raw
 .text.unlikely.
                0x0000000000083694      0x5cc /tmp/tmp.mK74ILubrR.o
 .text.unlikely.
                0x0000000000083c60       0x68 /tmp/tmp.XCromRbr5b.o
                0x0000000000083c60                core::panicking::assert_failed
 .text.unlikely.
                0x0000000000083cc8      0x678 /tmp/tmp.xPd6T95Idf.o
                0x0000000000083cc8                core::panicking::assert_failed
                0x0000000000084158                alloc::raw_vec::handle_error
                0x00000000000841d8                alloc::alloc::handle_alloc_error
                0x0000000000084210                alloc::vec::Vec<T,A>::swap_remove::assert_failed
                0x000000000008425c                alloc::vec::Vec<T,A>::insert::assert_failed
                0x00000000000842a8                alloc::vec::Vec<T,A>::remove::assert_failed
                0x00000000000842f4                alloc::vec::Vec<T,A>::split_off::assert_failed
 *(.text.exit .text.exit.*)
 *(.text.startup .text.startup.*)
 *(.text.hot .text.hot.*)
 *(SORT_BY_NAME(.text.sorted.*))
 *(.text .stub .text.* .gnu.linkonce.t.*)
 .text          0x0000000000084340       0x14 /lib/aarch64-linux-gnu/crti.o
 *fill*         0x0000000000084354        0xc 1f2003d5
 .text          0x0000000000084360       0xc8 /usr/lib/gcc/aarch64-linux-gnu/13/crtbeginS.o
 .text          0x0000000000084428       0x48 /tmp/tmp.jxHTwhT1N1.o
                0x0000000000084428                __check_fuel
 .text          0x0000000000084470    0x1cde0 /tmp/tmp.ZRiHNRtepR.o
                0x00000000000847ec                std::io::error::Error::new
                0x0000000000089ad8                alloc::raw_vec::RawVec<T,A>::grow_one
                0x000000000008a284                serde_json::de::ParserNumber::invalid_type
                0x000000000008b62c                serde_json::de::<impl core::str::traits::FromStr for serde_json::number::Number>::from_str
                0x000000000008c0bc                serde_json::error::Error::io_error_kind
                0x000000000008c334                serde_json::error::<impl core::convert::From<serde_json::error::Error> for std::io::error::Error>::from
                0x000000000008c404                <serde_json::error::ErrorCode as core::fmt::Display>::fmt
                0x000000000008c89c                <serde_json::error::Error as core::error::Error>::source
                0x000000000008c910                <serde_json::error::Error as core::fmt::Display>::fmt
                0x000000000008ca00                <serde_json::error::ErrorImpl as core::fmt::Display>::fmt
                0x000000000008caec                <serde_json::error::Error as core::fmt::Debug>::fmt
                0x000000000008cda8                <serde_json::error::JsonUnexpected as core::fmt::Display>::fmt
                0x000000000008cf84                serde_json::error::make_error
                0x000000000008e814                <<serde_json::map::Map<alloc::string::String,serde_json::value::Value> as serde::de::Deserialize>::deserialize::Visitor as serde::de::Visitor>::expecting
                0x000000000008e850                serde_json::map::Entry::key
                0x000000000008e8d0                serde_json::map::Entry::or_insert
                0x000000000008efc4                serde_json::ser::key_must_be_a_string
                0x000000000008efc4                serde_json::value::ser::key_must_be_a_string
                0x000000000008f00c                serde_json::ser::float_key_must_be_finite
                0x000000000008f054                <serde_json::value::Value as core::fmt::Debug>::fmt
                0x000000000008f3f0                <serde_json::value::Value as core::fmt::Display>::fmt
                0x000000000008f58c                <<serde_json::value::Value as core::fmt::Display>::fmt::WriterFormatter as std::io::Write>::write
                0x000000000008f620                serde_json::value::Value::pointer
                0x000000000008fdd4                serde_json::value::Value::pointer_mut
                0x0000000000092fc8                <serde_json::value::de::<impl serde::de::Deserialize for serde_json::value::Value>::deserialize::ValueVisitor as serde::de::Visitor>::expecting
                0x0000000000093004                serde_json::value::de::<impl core::str::traits::FromStr for serde_json::value::Value>::from_str
                0x00000000000933c0                <serde_json::value::de::VariantDeserializer as serde::de::VariantAccess>::unit_variant
                0x00000000000934ac                serde_json::value::de::SeqDeserializer::new
                0x0000000000093500                <serde_json::value::de::SeqDeserializer as serde::de::SeqAccess>::size_hint
                0x0000000000093548                serde_json::value::de::MapDeserializer::new
                0x00000000000935b8                <serde_json::value::de::VariantRefDeserializer as serde::de::VariantAccess>::unit_variant
                0x0000000000093678                <serde_json::value::de::SeqRefDeserializer as serde::de::SeqAccess>::size_hint
                0x00000000000936bc                <serde_json::value::de::KeyClassifier as serde::de::Visitor>::expecting
                0x00000000000936f8                serde_json::value::from::<impl core::convert::From<f32> for serde_json::value::Value>::from
                0x00000000000937d8                serde_json::value::from::<impl core::convert::From<f64> for serde_json::value::Value>::from
                0x00000000000938b0                serde_json::value::from::<impl core::convert::From<&str> for serde_json::value::Value>::from
                0x0000000000093a08                serde_json::value::from::<impl core::convert::From<alloc::borrow::Cow<str>> for serde_json::value::Value>::from
                0x0000000000093bb8                <usize as serde_json::value::index::Index>::index_or_insert
                0x0000000000093d38                <str as serde_json::value::index::Index>::index_into
                0x0000000000093f74                <str as serde_json::value::index::Index>::index_into_mut
                0x00000000000941a8                <str as serde_json::value::index::Index>::index_or_insert
                0x0000000000094688                <alloc::string::String as serde_json::value::index::Index>::index_into
                0x00000000000948c4                <alloc::string::String as serde_json::value::index::Index>::index_into_mut
                0x0000000000094af8                <alloc::string::String as serde_json::value::index::Index>::index_or_insert
                0x0000000000094b38                <serde_json::value::index::Type as core::fmt::Display>::fmt
                0x0000000000094c64                serde_json::value::partial_eq::<impl core::cmp::PartialEq<str> for serde_json::value::Value>::eq
                0x0000000000094d00                serde_json::value::partial_eq::<impl core::cmp::PartialEq<&str> for serde_json::value::Value>::eq
                0x0000000000094da0                serde_json::value::partial_eq::<impl core::cmp::PartialEq<serde_json::value::Value> for str>::eq
                0x0000000000094e3c                serde_json::value::partial_eq::<impl core::cmp::PartialEq<serde_json::value::Value> for &str>::eq
                0x0000000000094edc                serde_json::value::partial_eq::<impl core::cmp::PartialEq<alloc::string::String> for serde_json::value::Value>::eq
                0x0000000000094f7c                serde_json::value::partial_eq::<impl core::cmp::PartialEq<serde_json::value::Value> for alloc::string::String>::eq
                0x0000000000096ff8                <serde_json::value::ser::Serializer as serde::ser::Serializer>::serialize_i128
                0x0000000000097124                <serde_json::value::ser::Serializer as serde::ser::Serializer>::serialize_u128
                0x00000000000971d4                <serde_json::value::ser::Serializer as serde::ser::Serializer>::serialize_bytes
                0x00000000000973c8                <serde_json::value::ser::Serializer as serde::ser::Serializer>::serialize_seq
                0x0000000000097530                <serde_json::value::ser::Serializer as serde::ser::Serializer>::serialize_tuple
                0x000000000009768c                <serde_json::value::ser::Serializer as serde::ser::Serializer>::serialize_tuple_struct
                0x00000000000977e8                <serde_json::value::ser::Serializer as serde::ser::Serializer>::serialize_tuple_variant
                0x0000000000097a84                <serde_json::value::ser::Serializer as serde::ser::Serializer>::serialize_struct_variant
                0x0000000000097bd8                <serde_json::value::ser::SerializeTupleVariant as serde::ser::SerializeTupleVariant>::end
                0x0000000000097cfc                <serde_json::value::ser::SerializeMap as serde::ser::SerializeMap>::end
                0x0000000000097dc4                <serde_json::value::ser::MapKeySerializer as serde::ser::Serializer>::serialize_bool
                0x0000000000097edc                <serde_json::value::ser::MapKeySerializer as serde::ser::Serializer>::serialize_i8
                0x0000000000098144                <serde_json::value::ser::MapKeySerializer as serde::ser::Serializer>::serialize_i16
                0x0000000000098470                <serde_json::value::ser::MapKeySerializer as serde::ser::Serializer>::serialize_i32
                0x0000000000098804                <serde_json::value::ser::MapKeySerializer as serde::ser::Serializer>::serialize_i64
                0x0000000000098ba0                <serde_json::value::ser::MapKeySerializer as serde::ser::Serializer>::serialize_i128
                0x0000000000099350                <serde_json::value::ser::MapKeySerializer as serde::ser::Serializer>::serialize_u8
                0x0000000000099578                <serde_json::value::ser::MapKeySerializer as serde::ser::Serializer>::serialize_u16
                0x0000000000099850                <serde_json::value::ser::MapKeySerializer as serde::ser::Serializer>::serialize_u32
                0x0000000000099b94                <serde_json::value::ser::MapKeySerializer as serde::ser::Serializer>::serialize_u64
                0x0000000000099ee0                <serde_json::value::ser::MapKeySerializer as serde::ser::Serializer>::serialize_u128
                0x000000000009a628                <serde_json::value::ser::MapKeySerializer as serde::ser::Serializer>::serialize_f32
                0x000000000009a80c                <serde_json::value::ser::MapKeySerializer as serde::ser::Serializer>::serialize_f64
                0x000000000009a9f0                <serde_json::value::ser::MapKeySerializer as serde::ser::Serializer>::serialize_unit_struct
                0x000000000009a9f0                <serde_json::value::ser::MapKeySerializer as serde::ser::Serializer>::serialize_bytes
                0x000000000009aa44                <serde_json::value::ser::MapKeySerializer as serde::ser::Serializer>::serialize_none
                0x000000000009aa44                <serde_json::value::ser::MapKeySerializer as serde::ser::Serializer>::serialize_unit
                0x000000000009aa98                <serde_json::value::ser::MapKeySerializer as serde::ser::Serializer>::serialize_tuple
                0x000000000009aae0                <serde_json::value::ser::MapKeySerializer as serde::ser::Serializer>::serialize_struct_variant
                0x000000000009aae0                <serde_json::value::ser::MapKeySerializer as serde::ser::Serializer>::serialize_tuple_variant
                0x000000000009ab28                <serde_json::value::ser::MapKeySerializer as serde::ser::Serializer>::serialize_map
                0x000000000009ab28                <serde_json::value::ser::MapKeySerializer as serde::ser::Serializer>::serialize_seq
                0x000000000009ab70                <serde_json::value::ser::MapKeySerializer as serde::ser::Serializer>::serialize_struct
                0x000000000009ab70                <serde_json::value::ser::MapKeySerializer as serde::ser::Serializer>::serialize_tuple_struct
                0x000000000009abb8                <serde_json::value::ser::SerializeMap as serde::ser::SerializeStruct>::end
                0x000000000009ac80                <serde_json::value::ser::SerializeStructVariant as serde::ser::SerializeStructVariant>::end
                0x000000000009ada4                serde_json::number::Number::from_f64
                0x000000000009ae30                <serde_json::number::Number as core::fmt::Display>::fmt
                0x000000000009b3a8                <serde_json::number::Number as core::fmt::Debug>::fmt
                0x000000000009b428                <<serde_json::number::Number as serde::de::Deserialize>::deserialize::NumberVisitor as serde::de::Visitor>::expecting
                0x000000000009ce70                <serde_json::read::SliceRead as serde_json::read::Read>::position
                0x000000000009cea4                <serde_json::read::SliceRead as serde_json::read::Read>::peek_position
                0x000000000009ceec                <serde_json::read::SliceRead as serde_json::read::Read>::parse_str
                0x000000000009d7c8                <serde_json::read::SliceRead as serde_json::read::Read>::parse_str_raw
                0x000000000009dd2c                <serde_json::read::SliceRead as serde_json::read::Read>::ignore_str
                0x000000000009e684                <serde_json::read::StrRead as serde_json::read::Read>::position
                0x000000000009e6b8                <serde_json::read::StrRead as serde_json::read::Read>::peek_position
                0x000000000009e700                <serde_json::read::StrRead as serde_json::read::Read>::parse_str
                0x000000000009ee70                <serde_json::read::StrRead as serde_json::read::Read>::parse_str_raw
                0x000000000009eeb8                <serde_json::read::StrRead as serde_json::read::Read>::ignore_str
                0x000000000009eee8                <serde_json::read::StrRead as serde_json::read::Read>::decode_hex_escape
                0x000000000009f99c                serde_json::read::decode_four_hex_digits
                0x000000000009fa34                serde_json::value::partial_eq::<impl core::cmp::PartialEq<i8> for serde_json::value::Value>::eq
                0x000000000009fb1c                serde_json::value::partial_eq::<impl core::cmp::PartialEq<serde_json::value::Value> for i8>::eq
                0x000000000009fc04                serde_json::value::partial_eq::<impl core::cmp::PartialEq<i8> for &mut serde_json::value::Value>::eq
                0x000000000009fc04                serde_json::value::partial_eq::<impl core::cmp::PartialEq<i8> for &serde_json::value::Value>::eq
                0x000000000009fcf0                serde_json::value::partial_eq::<impl core::cmp::PartialEq<i16> for serde_json::value::Value>::eq
                0x000000000009fdd8                serde_json::value::partial_eq::<impl core::cmp::PartialEq<serde_json::value::Value> for i16>::eq
                0x000000000009fec0                serde_json::value::partial_eq::<impl core::cmp::PartialEq<i16> for &mut serde_json::value::Value>::eq
                0x000000000009fec0                serde_json::value::partial_eq::<impl core::cmp::PartialEq<i16> for &serde_json::value::Value>::eq
                0x000000000009ffac                serde_json::value::partial_eq::<impl core::cmp::PartialEq<i32> for serde_json::value::Value>::eq
                0x00000000000a0094                serde_json::value::partial_eq::<impl core::cmp::PartialEq<serde_json::value::Value> for i32>::eq
                0x00000000000a017c                serde_json::value::partial_eq::<impl core::cmp::PartialEq<i32> for &serde_json::value::Value>::eq
                0x00000000000a017c                serde_json::value::partial_eq::<impl core::cmp::PartialEq<i32> for &mut serde_json::value::Value>::eq
                0x00000000000a0268                serde_json::value::partial_eq::<impl core::cmp::PartialEq<isize> for serde_json::value::Value>::eq
                0x00000000000a0268                serde_json::value::partial_eq::<impl core::cmp::PartialEq<i64> for serde_json::value::Value>::eq
                0x00000000000a0350                serde_json::value::partial_eq::<impl core::cmp::PartialEq<serde_json::value::Value> for isize>::eq
                0x00000000000a0350                serde_json::value::partial_eq::<impl core::cmp::PartialEq<serde_json::value::Value> for i64>::eq
                0x00000000000a0438                serde_json::value::partial_eq::<impl core::cmp::PartialEq<isize> for &mut serde_json::value::Value>::eq
                0x00000000000a0438                serde_json::value::partial_eq::<impl core::cmp::PartialEq<isize> for &serde_json::value::Value>::eq
                0x00000000000a0438                serde_json::value::partial_eq::<impl core::cmp::PartialEq<i64> for &mut serde_json::value::Value>::eq
                0x00000000000a0438                serde_json::value::partial_eq::<impl core::cmp::PartialEq<i64> for &serde_json::value::Value>::eq
                0x00000000000a0524                serde_json::value::partial_eq::<impl core::cmp::PartialEq<u8> for serde_json::value::Value>::eq
                0x00000000000a05b0                serde_json::value::partial_eq::<impl core::cmp::PartialEq<serde_json::value::Value> for u8>::eq
                0x00000000000a063c                serde_json::value::partial_eq::<impl core::cmp::PartialEq<u8> for &mut serde_json::value::Value>::eq
                0x00000000000a063c                serde_json::value::partial_eq::<impl core::cmp::PartialEq<u8> for &serde_json::value::Value>::eq
                0x00000000000a06cc                serde_json::value::partial_eq::<impl core::cmp::PartialEq<u16> for serde_json::value::Value>::eq
                0x00000000000a0758                serde_json::value::partial_eq::<impl core::cmp::PartialEq<serde_json::value::Value> for u16>::eq
                0x00000000000a07e4                serde_json::value::partial_eq::<impl core::cmp::PartialEq<u16> for &serde_json::value::Value>::eq
                0x00000000000a07e4                serde_json::value::partial_eq::<impl core::cmp::PartialEq<u16> for &mut serde_json::value::Value>::eq
                0x00000000000a0874                serde_json::value::partial_eq::<impl core::cmp::PartialEq<u32> for serde_json::value::Value>::eq
                0x00000000000a0900                serde_json::value::partial_eq::<impl core::cmp::PartialEq<serde_json::value::Value> for u32>::eq
                0x00000000000a098c                serde_json::value::partial_eq::<impl core::cmp::PartialEq<u32> for &serde_json::value::Value>::eq
                0x00000000000a098c                serde_json::value::partial_eq::<impl core::cmp::PartialEq<u32> for &mut serde_json::value::Value>::eq
                0x00000000000a0a1c                serde_json::value::partial_eq::<impl core::cmp::PartialEq<u64> for serde_json::value::Value>::eq
                0x00000000000a0a1c                serde_json::value::partial_eq::<impl core::cmp::PartialEq<usize> for serde_json::value::Value>::eq
                0x00000000000a0aa8                serde_json::value::partial_eq::<impl core::cmp::PartialEq<serde_json::value::Value> for usize>::eq
                0x00000000000a0aa8                serde_json::value::partial_eq::<impl core::cmp::PartialEq<serde_json::value::Value> for u64>::eq
                0x00000000000a0b34                serde_json::value::partial_eq::<impl core::cmp::PartialEq<usize> for &serde_json::value::Value>::eq
                0x00000000000a0b34                serde_json::value::partial_eq::<impl core::cmp::PartialEq<u64> for &serde_json::value::Value>::eq
                0x00000000000a0b34                serde_json::value::partial_eq::<impl core::cmp::PartialEq<u64> for &mut serde_json::value::Value>::eq
                0x00000000000a0b34                serde_json::value::partial_eq::<impl core::cmp::PartialEq<usize> for &mut serde_json::value::Value>::eq
                0x00000000000a0bc4                serde_json::value::partial_eq::<impl core::cmp::PartialEq<f32> for serde_json::value::Value>::eq
                0x00000000000a0ce8                serde_json::value::partial_eq::<impl core::cmp::PartialEq<serde_json::value::Value> for f32>::eq
                0x00000000000a0e0c                serde_json::value::partial_eq::<impl core::cmp::PartialEq<f32> for &mut serde_json::value::Value>::eq
                0x00000000000a0e0c                serde_json::value::partial_eq::<impl core::cmp::PartialEq<f32> for &serde_json::value::Value>::eq
                0x00000000000a0f34                serde_json::value::partial_eq::<impl core::cmp::PartialEq<f64> for serde_json::value::Value>::eq
                0x00000000000a103c                serde_json::value::partial_eq::<impl core::cmp::PartialEq<serde_json::value::Value> for f64>::eq
                0x00000000000a1144                serde_json::value::partial_eq::<impl core::cmp::PartialEq<f64> for &serde_json::value::Value>::eq
                0x00000000000a1144                serde_json::value::partial_eq::<impl core::cmp::PartialEq<f64> for &mut serde_json::value::Value>::eq
 .text          0x00000000000a1250    0x25990 /tmp/tmp.j1zMqkiwIM.o
                0x00000000000a4d3c                alloc::raw_vec::RawVec<T,A>::grow_one
                0x00000000000a7450                statrs::distribution::bernoulli::Bernoulli::new
                0x00000000000a74d4                <statrs::distribution::bernoulli::Bernoulli as core::fmt::Display>::fmt
                0x00000000000a7558                <statrs::distribution::bernoulli::Bernoulli as statrs::distribution::DiscreteCDF<u64,f64>>::cdf
                0x00000000000a7660                <statrs::distribution::bernoulli::Bernoulli as statrs::distribution::DiscreteCDF<u64,f64>>::sf
                0x00000000000a7764                <statrs::distribution::bernoulli::Bernoulli as statrs::statistics::traits::Distribution<f64>>::entropy
                0x00000000000a799c                <statrs::distribution::bernoulli::Bernoulli as statrs::statistics::traits::Distribution<f64>>::skewness
                0x00000000000a79fc                <statrs::distribution::bernoulli::Bernoulli as statrs::statistics::traits::Median<f64>>::median
                0x00000000000a7a40                <statrs::distribution::bernoulli::Bernoulli as statrs::statistics::traits::Mode<core::option::Option<u64>>>::mode
                0x00000000000a7c2c                <statrs::distribution::bernoulli::Bernoulli as statrs::distribution::Discrete<u64,f64>>::pmf
                0x00000000000a7c6c                <statrs::distribution::bernoulli::Bernoulli as statrs::distribution::Discrete<u64,f64>>::ln_pmf
                0x00000000000a7cac                <statrs::distribution::beta::BetaError as core::fmt::Display>::fmt
                0x00000000000a7d14                <statrs::distribution::beta::Beta as core::fmt::Display>::fmt
                0x00000000000a7d94                <statrs::distribution::beta::Beta as statrs::distribution::ContinuousCDF<f64,f64>>::cdf
                0x00000000000a8108                <statrs::distribution::beta::Beta as statrs::distribution::ContinuousCDF<f64,f64>>::sf
                0x00000000000a84b4                <statrs::distribution::beta::Beta as statrs::distribution::ContinuousCDF<f64,f64>>::inverse_cdf
                0x00000000000a8560                <statrs::distribution::beta::Beta as statrs::statistics::traits::Distribution<f64>>::entropy
                0x00000000000a86b8                <statrs::distribution::beta::Beta as statrs::statistics::traits::Distribution<f64>>::skewness
                0x00000000000a8728                <statrs::distribution::beta::Beta as statrs::distribution::Continuous<f64,f64>>::pdf
                0x00000000000a8b00                <statrs::distribution::beta::Beta as statrs::distribution::Continuous<f64,f64>>::ln_pdf
                0x00000000000a939c                <statrs::distribution::binomial::BinomialError as core::fmt::Display>::fmt
                0x00000000000a93dc                statrs::distribution::binomial::Binomial::new
                0x00000000000a9468                <statrs::distribution::binomial::Binomial as core::fmt::Display>::fmt
                0x00000000000a94f4                <statrs::distribution::binomial::Binomial as statrs::distribution::DiscreteCDF<u64,f64>>::cdf
                0x00000000000a95fc                <statrs::distribution::binomial::Binomial as statrs::distribution::DiscreteCDF<u64,f64>>::sf
                0x00000000000a9700                <statrs::distribution::binomial::Binomial as statrs::statistics::traits::Distribution<f64>>::entropy
                0x00000000000a9938                <statrs::distribution::binomial::Binomial as statrs::statistics::traits::Distribution<f64>>::skewness
                0x00000000000a9998                <statrs::distribution::binomial::Binomial as statrs::statistics::traits::Median<f64>>::median
                0x00000000000a99dc                <statrs::distribution::binomial::Binomial as statrs::statistics::traits::Mode<core::option::Option<u64>>>::mode
                0x00000000000a9bc8                <statrs::distribution::binomial::Binomial as statrs::distribution::Discrete<u64,f64>>::pmf
                0x00000000000aa038                <statrs::distribution::binomial::Binomial as statrs::distribution::Discrete<u64,f64>>::ln_pmf
                0x00000000000aa49c                <statrs::distribution::categorical::CategoricalError as core::fmt::Display>::fmt
                0x00000000000aa570                statrs::distribution::categorical::Categorical::new
                0x00000000000aacd8                <statrs::distribution::categorical::Categorical as core::fmt::Display>::fmt
                0x00000000000aad74                <statrs::distribution::categorical::Categorical as statrs::distribution::DiscreteCDF<u64,f64>>::cdf
                0x00000000000aadfc                <statrs::distribution::categorical::Categorical as statrs::distribution::DiscreteCDF<u64,f64>>::sf
                0x00000000000aaedc                <statrs::distribution::categorical::Categorical as statrs::distribution::DiscreteCDF<u64,f64>>::inverse_cdf
                0x00000000000ab1a4                <statrs::distribution::categorical::Categorical as statrs::statistics::traits::Distribution<f64>>::mean
                0x00000000000ab390                <statrs::distribution::categorical::Categorical as statrs::statistics::traits::Distribution<f64>>::variance
                0x00000000000ab73c                <statrs::distribution::categorical::Categorical as statrs::statistics::traits::Distribution<f64>>::entropy
                0x00000000000ab860                <statrs::distribution::categorical::Categorical as statrs::statistics::traits::Median<f64>>::median
                0x00000000000abad4                <statrs::distribution::categorical::Categorical as statrs::distribution::Discrete<u64,f64>>::ln_pmf
                0x00000000000abb30                statrs::distribution::categorical::prob_mass_to_cdf
                0x00000000000abe08                <statrs::distribution::laplace::LaplaceError as core::fmt::Display>::fmt
                0x00000000000abe08                <statrs::distribution::log_normal::LogNormalError as core::fmt::Display>::fmt
                0x00000000000abe08                <statrs::distribution::cauchy::CauchyError as core::fmt::Display>::fmt
                0x00000000000abeac                <statrs::distribution::cauchy::Cauchy as core::fmt::Display>::fmt
                0x00000000000abf2c                <statrs::distribution::cauchy::Cauchy as statrs::distribution::ContinuousCDF<f64,f64>>::cdf
                0x00000000000abf90                <statrs::distribution::cauchy::Cauchy as statrs::distribution::ContinuousCDF<f64,f64>>::sf
                0x00000000000abff4                <statrs::distribution::cauchy::Cauchy as statrs::distribution::ContinuousCDF<f64,f64>>::inverse_cdf
                0x00000000000ac0c4                <statrs::distribution::cauchy::Cauchy as statrs::statistics::traits::Distribution<f64>>::entropy
                0x00000000000ac110                <statrs::distribution::cauchy::Cauchy as statrs::distribution::Continuous<f64,f64>>::ln_pdf
                0x00000000000ac180                <statrs::distribution::chi::ChiError as core::fmt::Display>::fmt
                0x00000000000ac1c0                <statrs::distribution::chi::Chi as core::fmt::Display>::fmt
                0x00000000000ac234                <statrs::distribution::chi::Chi as statrs::distribution::ContinuousCDF<f64,f64>>::cdf
                0x00000000000ac354                <statrs::distribution::chi::Chi as statrs::distribution::ContinuousCDF<f64,f64>>::sf
                0x00000000000ac474                <statrs::distribution::chi::Chi as statrs::statistics::traits::Distribution<f64>>::mean
                0x00000000000ac58c                <statrs::distribution::chi::Chi as statrs::statistics::traits::Distribution<f64>>::variance
                0x00000000000ac6d0                <statrs::distribution::chi::Chi as statrs::statistics::traits::Distribution<f64>>::entropy
                0x00000000000ac768                <statrs::distribution::chi::Chi as statrs::statistics::traits::Distribution<f64>>::skewness
                0x00000000000ac8d0                <statrs::distribution::chi::Chi as statrs::statistics::traits::Mode<core::option::Option<f64>>>::mode
                0x00000000000ac918                <statrs::distribution::chi::Chi as statrs::distribution::Continuous<f64,f64>>::pdf
                0x00000000000acadc                <statrs::distribution::chi::Chi as statrs::distribution::Continuous<f64,f64>>::ln_pdf
                0x00000000000acc08                statrs::distribution::chi_squared::ChiSquared::new
                0x00000000000accac                <statrs::distribution::chi_squared::ChiSquared as core::fmt::Display>::fmt
                0x00000000000acd24                <statrs::distribution::chi_squared::ChiSquared as statrs::distribution::ContinuousCDF<f64,f64>>::cdf
                0x00000000000acd64                <statrs::distribution::chi_squared::ChiSquared as statrs::distribution::ContinuousCDF<f64,f64>>::sf
                0x00000000000acda4                <statrs::distribution::chi_squared::ChiSquared as statrs::distribution::ContinuousCDF<f64,f64>>::inverse_cdf
                0x00000000000acde4                <statrs::distribution::chi_squared::ChiSquared as statrs::statistics::traits::Distribution<f64>>::entropy
                0x00000000000ace5c                <statrs::distribution::chi_squared::ChiSquared as statrs::statistics::traits::Distribution<f64>>::skewness
                0x00000000000acea4                <statrs::distribution::chi_squared::ChiSquared as statrs::distribution::Continuous<f64,f64>>::pdf
                0x00000000000acee4                <statrs::distribution::chi_squared::ChiSquared as statrs::distribution::Continuous<f64,f64>>::ln_pdf
                0x00000000000ad148                <statrs::distribution::dirac::DiracError as core::fmt::Display>::fmt
                0x00000000000ad188                <statrs::distribution::dirac::Dirac as core::fmt::Display>::fmt
                0x00000000000ad1fc                <statrs::distribution::dirichlet::DirichletError as core::fmt::Display>::fmt
                0x00000000000ad2a0                statrs::distribution::dirichlet::Dirichlet<nalgebra::base::dimension::Dyn>::new
                0x00000000000ad5cc                statrs::distribution::dirichlet::Dirichlet<nalgebra::base::dimension::Dyn>::new_with_param
                0x00000000000ad9c8                <statrs::distribution::discrete_uniform::DiscreteUniformError as core::fmt::Display>::fmt
                0x00000000000ada08                <statrs::distribution::discrete_uniform::DiscreteUniform as core::fmt::Display>::fmt
                0x00000000000ada88                <statrs::distribution::discrete_uniform::DiscreteUniform as statrs::statistics::traits::Distribution<f64>>::entropy
                0x00000000000adad8                <statrs::distribution::discrete_uniform::DiscreteUniform as statrs::statistics::traits::Mode<core::option::Option<i64>>>::mode
                0x00000000000adb20                <statrs::distribution::discrete_uniform::DiscreteUniform as statrs::distribution::Discrete<i64,f64>>::ln_pmf
                0x00000000000adbb8                statrs::distribution::empirical::Empirical::add
                0x00000000000ae9fc                statrs::distribution::empirical::Empirical::remove
                0x00000000000aefb8                statrs::distribution::empirical::Empirical::__inverse_cdf
                0x00000000000afcc4                <statrs::distribution::empirical::Empirical as core::fmt::Display>::fmt
                0x00000000000b0900                <statrs::distribution::empirical::Empirical as statrs::statistics::traits::Max<f64>>::max
                0x00000000000b0b4c                <statrs::distribution::empirical::Empirical as statrs::statistics::traits::Min<f64>>::min
                0x00000000000b0c24                <statrs::distribution::empirical::Empirical as statrs::distribution::ContinuousCDF<f64,f64>>::cdf
                0x00000000000b0d90                <statrs::distribution::empirical::Empirical as statrs::distribution::ContinuousCDF<f64,f64>>::sf
                0x00000000000b0f00                <statrs::distribution::empirical::Empirical as statrs::distribution::ContinuousCDF<f64,f64>>::inverse_cdf
                0x00000000000b0f40                statrs::distribution::erlang::Erlang::new
                0x00000000000b0ff8                <statrs::distribution::erlang::Erlang as core::fmt::Display>::fmt
                0x00000000000b1094                <statrs::distribution::erlang::Erlang as statrs::distribution::ContinuousCDF<f64,f64>>::cdf
                0x00000000000b10d4                <statrs::distribution::erlang::Erlang as statrs::distribution::ContinuousCDF<f64,f64>>::sf
                0x00000000000b1114                <statrs::distribution::erlang::Erlang as statrs::distribution::ContinuousCDF<f64,f64>>::inverse_cdf
                0x00000000000b1154                <statrs::distribution::erlang::Erlang as statrs::statistics::traits::Distribution<f64>>::entropy
                0x00000000000b11cc                <statrs::distribution::erlang::Erlang as statrs::statistics::traits::Distribution<f64>>::skewness
                0x00000000000b1214                <statrs::distribution::erlang::Erlang as statrs::distribution::Continuous<f64,f64>>::pdf
                0x00000000000b1254                <statrs::distribution::erlang::Erlang as statrs::distribution::Continuous<f64,f64>>::ln_pdf
                0x00000000000b14b8                <statrs::distribution::exponential::ExpError as core::fmt::Display>::fmt
                0x00000000000b14f8                <statrs::distribution::exponential::Exp as core::fmt::Display>::fmt
                0x00000000000b1570                <statrs::distribution::exponential::Exp as statrs::distribution::ContinuousCDF<f64,f64>>::cdf
                0x00000000000b15f4                <statrs::distribution::exponential::Exp as statrs::distribution::ContinuousCDF<f64,f64>>::sf
                0x00000000000b1678                <statrs::distribution::exponential::Exp as statrs::distribution::ContinuousCDF<f64,f64>>::inverse_cdf
                0x00000000000b16cc                <statrs::distribution::exponential::Exp as statrs::statistics::traits::Distribution<f64>>::entropy
                0x00000000000b1714                <statrs::distribution::exponential::Exp as statrs::distribution::Continuous<f64,f64>>::pdf
                0x00000000000b1794                <statrs::distribution::exponential::Exp as statrs::distribution::Continuous<f64,f64>>::ln_pdf
                0x00000000000b1820                <statrs::distribution::fisher_snedecor::FisherSnedecorError as core::fmt::Display>::fmt
                0x00000000000b1888                statrs::distribution::fisher_snedecor::FisherSnedecor::new
                0x00000000000b1a14                <statrs::distribution::fisher_snedecor::FisherSnedecor as core::fmt::Display>::fmt
                0x00000000000b1a94                <statrs::distribution::fisher_snedecor::FisherSnedecor as statrs::distribution::ContinuousCDF<f64,f64>>::cdf
                0x00000000000b1bd4                <statrs::distribution::fisher_snedecor::FisherSnedecor as statrs::distribution::ContinuousCDF<f64,f64>>::sf
                0x00000000000b1d1c                <statrs::distribution::fisher_snedecor::FisherSnedecor as statrs::distribution::ContinuousCDF<f64,f64>>::inverse_cdf
                0x00000000000b1dfc                <statrs::distribution::fisher_snedecor::FisherSnedecor as statrs::statistics::traits::Distribution<f64>>::skewness
                0x00000000000b1ec4                <statrs::distribution::fisher_snedecor::FisherSnedecor as statrs::distribution::Continuous<f64,f64>>::pdf
                0x00000000000b20b0                <statrs::distribution::fisher_snedecor::FisherSnedecor as statrs::distribution::Continuous<f64,f64>>::ln_pdf
                0x00000000000b20fc                <statrs::distribution::gamma::GammaError as core::fmt::Display>::fmt
                0x00000000000b21d0                <statrs::distribution::gamma::Gamma as core::fmt::Display>::fmt
                0x00000000000b2250                <statrs::distribution::gamma::Gamma as statrs::distribution::ContinuousCDF<f64,f64>>::cdf
                0x00000000000b252c                <statrs::distribution::gamma::Gamma as statrs::distribution::ContinuousCDF<f64,f64>>::sf
                0x00000000000b2808                <statrs::distribution::gamma::Gamma as statrs::distribution::ContinuousCDF<f64,f64>>::inverse_cdf
                0x00000000000b356c                <statrs::distribution::gamma::Gamma as statrs::statistics::traits::Distribution<f64>>::entropy
                0x00000000000b35e4                <statrs::distribution::gamma::Gamma as statrs::statistics::traits::Distribution<f64>>::skewness
                0x00000000000b362c                <statrs::distribution::gamma::Gamma as statrs::distribution::Continuous<f64,f64>>::pdf
                0x00000000000b3a78                <statrs::distribution::gamma::Gamma as statrs::distribution::Continuous<f64,f64>>::ln_pdf
                0x00000000000b3cdc                <statrs::distribution::geometric::GeometricError as core::fmt::Display>::fmt
                0x00000000000b3d1c                <statrs::distribution::geometric::Geometric as core::fmt::Display>::fmt
                0x00000000000b3d94                <statrs::distribution::geometric::Geometric as statrs::distribution::DiscreteCDF<u64,f64>>::cdf
                0x00000000000b3e20                <statrs::distribution::geometric::Geometric as statrs::distribution::DiscreteCDF<u64,f64>>::sf
                0x00000000000b3eac                <statrs::distribution::geometric::Geometric as statrs::statistics::traits::Distribution<f64>>::entropy
                0x00000000000b3f2c                <statrs::distribution::geometric::Geometric as statrs::statistics::traits::Distribution<f64>>::skewness
                0x00000000000b40c0                <statrs::distribution::geometric::Geometric as statrs::statistics::traits::Median<f64>>::median
                0x00000000000b4114                <statrs::distribution::geometric::Geometric as statrs::distribution::Discrete<u64,f64>>::pmf
                0x00000000000b41a4                <statrs::distribution::geometric::Geometric as statrs::distribution::Discrete<u64,f64>>::ln_pmf
                0x00000000000b4404                <statrs::distribution::gumbel::GumbelError as core::fmt::Display>::fmt
                0x00000000000b44a8                <statrs::distribution::gumbel::Gumbel as core::fmt::Display>::fmt
                0x00000000000b4528                <statrs::distribution::gumbel::Gumbel as statrs::distribution::ContinuousCDF<f64,f64>>::cdf
                0x00000000000b4580                <statrs::distribution::gumbel::Gumbel as statrs::distribution::ContinuousCDF<f64,f64>>::inverse_cdf
                0x00000000000b461c                <statrs::distribution::gumbel::Gumbel as statrs::distribution::ContinuousCDF<f64,f64>>::sf
                0x00000000000b467c                <statrs::distribution::gumbel::Gumbel as statrs::statistics::traits::Distribution<f64>>::entropy
                0x00000000000b46c8                <statrs::distribution::gumbel::Gumbel as statrs::statistics::traits::Distribution<f64>>::std_dev
                0x00000000000b471c                <statrs::distribution::gumbel::Gumbel as statrs::statistics::traits::Median<f64>>::median
                0x00000000000b4768                <statrs::distribution::gumbel::Gumbel as statrs::distribution::Continuous<f64,f64>>::pdf
                0x00000000000b47d4                <statrs::distribution::gumbel::Gumbel as statrs::distribution::Continuous<f64,f64>>::ln_pdf
                0x00000000000b4840                <statrs::distribution::hypergeometric::HypergeometricError as core::fmt::Display>::fmt
                0x00000000000b48e4                <statrs::distribution::hypergeometric::Hypergeometric as core::fmt::Display>::fmt
                0x00000000000b496c                <statrs::distribution::hypergeometric::Hypergeometric as statrs::distribution::DiscreteCDF<u64,f64>>::cdf
                0x00000000000b50d4                <statrs::distribution::hypergeometric::Hypergeometric as statrs::distribution::DiscreteCDF<u64,f64>>::sf
                0x00000000000b5470                <statrs::distribution::hypergeometric::Hypergeometric as statrs::statistics::traits::Min<u64>>::min
                0x00000000000b54b8                <statrs::distribution::hypergeometric::Hypergeometric as statrs::statistics::traits::Max<u64>>::max
                0x00000000000b54f8                <statrs::distribution::hypergeometric::Hypergeometric as statrs::statistics::traits::Distribution<f64>>::skewness
                0x00000000000b55cc                <statrs::distribution::hypergeometric::Hypergeometric as statrs::statistics::traits::Mode<core::option::Option<u64>>>::mode
                0x00000000000b5674                <statrs::distribution::hypergeometric::Hypergeometric as statrs::distribution::Discrete<u64,f64>>::pmf
                0x00000000000b5dcc                <statrs::distribution::hypergeometric::Hypergeometric as statrs::distribution::Discrete<u64,f64>>::ln_pmf
                0x00000000000b64d8                <statrs::distribution::inverse_gamma::InverseGammaError as core::fmt::Display>::fmt
                0x00000000000b657c                <statrs::distribution::inverse_gamma::InverseGamma as core::fmt::Display>::fmt
                0x00000000000b65fc                <statrs::distribution::inverse_gamma::InverseGamma as statrs::distribution::ContinuousCDF<f64,f64>>::cdf
                0x00000000000b670c                <statrs::distribution::inverse_gamma::InverseGamma as statrs::distribution::ContinuousCDF<f64,f64>>::sf
                0x00000000000b681c                <statrs::distribution::inverse_gamma::InverseGamma as statrs::statistics::traits::Distribution<f64>>::entropy
                0x00000000000b6894                <statrs::distribution::inverse_gamma::InverseGamma as statrs::statistics::traits::Distribution<f64>>::skewness
                0x00000000000b6914                <statrs::distribution::inverse_gamma::InverseGamma as statrs::distribution::Continuous<f64,f64>>::pdf
                0x00000000000b6ba4                <statrs::distribution::inverse_gamma::InverseGamma as statrs::distribution::Continuous<f64,f64>>::ln_pdf
                0x00000000000b6e5c                <statrs::distribution::laplace::Laplace as core::fmt::Display>::fmt
                0x00000000000b6edc                <statrs::distribution::laplace::Laplace as statrs::distribution::ContinuousCDF<f64,f64>>::cdf
                0x00000000000b6f48                <statrs::distribution::laplace::Laplace as statrs::distribution::ContinuousCDF<f64,f64>>::sf
                0x00000000000b6fb4                <statrs::distribution::laplace::Laplace as statrs::distribution::ContinuousCDF<f64,f64>>::inverse_cdf
                0x00000000000b70ec                <statrs::distribution::laplace::Laplace as statrs::statistics::traits::Distribution<f64>>::entropy
                0x00000000000b7138                <statrs::distribution::laplace::Laplace as statrs::distribution::Continuous<f64,f64>>::pdf
                0x00000000000b7194                <statrs::distribution::laplace::Laplace as statrs::distribution::Continuous<f64,f64>>::ln_pdf
                0x00000000000b71f0                <statrs::distribution::log_normal::LogNormal as core::fmt::Display>::fmt
                0x00000000000b7270                <statrs::distribution::log_normal::LogNormal as statrs::distribution::ContinuousCDF<f64,f64>>::cdf
                0x00000000000b73e0                <statrs::distribution::log_normal::LogNormal as statrs::distribution::ContinuousCDF<f64,f64>>::sf
                0x00000000000b7548                <statrs::distribution::log_normal::LogNormal as statrs::distribution::ContinuousCDF<f64,f64>>::inverse_cdf
                0x00000000000b77a0                <statrs::distribution::log_normal::LogNormal as statrs::statistics::traits::Distribution<f64>>::mean
                0x00000000000b77f4                <statrs::distribution::log_normal::LogNormal as statrs::statistics::traits::Distribution<f64>>::variance
                0x00000000000b7860                <statrs::distribution::log_normal::LogNormal as statrs::statistics::traits::Distribution<f64>>::entropy
                0x00000000000b78bc                <statrs::distribution::log_normal::LogNormal as statrs::statistics::traits::Distribution<f64>>::skewness
                0x00000000000b7918                <statrs::distribution::log_normal::LogNormal as statrs::statistics::traits::Median<f64>>::median
                0x00000000000b7950                <statrs::distribution::log_normal::LogNormal as statrs::statistics::traits::Mode<core::option::Option<f64>>>::mode
                0x00000000000b7998                <statrs::distribution::log_normal::LogNormal as statrs::distribution::Continuous<f64,f64>>::pdf
                0x00000000000b7a94                <statrs::distribution::log_normal::LogNormal as statrs::distribution::Continuous<f64,f64>>::ln_pdf
                0x00000000000b7b94                <statrs::distribution::multinomial::MultinomialError as core::fmt::Display>::fmt
                0x00000000000b7c68                statrs::distribution::multinomial::Multinomial<nalgebra::base::dimension::Dyn>::new
                0x00000000000b8244                <statrs::distribution::multivariate_normal::MultivariateNormalError as core::fmt::Display>::fmt
                0x00000000000b8348                statrs::distribution::multivariate_normal::MultivariateNormal<nalgebra::base::dimension::Dyn>::new
                0x00000000000b96a8                <statrs::distribution::multivariate_students_t::MultivariateStudentError as core::fmt::Display>::fmt
                0x00000000000b97dc                statrs::distribution::multivariate_students_t::MultivariateStudent<nalgebra::base::dimension::Dyn>::new
                0x00000000000bab1c                statrs::distribution::multivariate_students_t::MultivariateStudent<nalgebra::base::dimension::Dyn>::dim
                0x00000000000bab4c                <statrs::distribution::negative_binomial::NegativeBinomialError as core::fmt::Display>::fmt
                0x00000000000babf0                statrs::distribution::negative_binomial::NegativeBinomial::new
                0x00000000000bacc4                <statrs::distribution::negative_binomial::NegativeBinomial as core::fmt::Display>::fmt
                0x00000000000bad44                <statrs::distribution::negative_binomial::NegativeBinomial as statrs::distribution::DiscreteCDF<u64,f64>>::cdf
                0x00000000000bae10                <statrs::distribution::negative_binomial::NegativeBinomial as statrs::distribution::DiscreteCDF<u64,f64>>::sf
                0x00000000000baee4                <statrs::distribution::negative_binomial::NegativeBinomial as statrs::statistics::traits::DiscreteDistribution<f64>>::skewness
                0x00000000000baf3c                <statrs::distribution::negative_binomial::NegativeBinomial as statrs::statistics::traits::Mode<core::option::Option<f64>>>::mode
                0x00000000000bafd0                <statrs::distribution::negative_binomial::NegativeBinomial as statrs::distribution::Discrete<u64,f64>>::pmf
                0x00000000000bb078                <statrs::distribution::negative_binomial::NegativeBinomial as statrs::distribution::Discrete<u64,f64>>::ln_pmf
                0x00000000000bb120                <statrs::distribution::normal::NormalError as core::fmt::Display>::fmt
                0x00000000000bb1c4                <statrs::distribution::normal::Normal as core::fmt::Display>::fmt
                0x00000000000bb244                <statrs::distribution::normal::Normal as statrs::distribution::ContinuousCDF<f64,f64>>::cdf
                0x00000000000bb358                <statrs::distribution::normal::Normal as statrs::distribution::ContinuousCDF<f64,f64>>::sf
                0x00000000000bb46c                <statrs::distribution::normal::Normal as statrs::distribution::ContinuousCDF<f64,f64>>::inverse_cdf
                0x00000000000bb638                <statrs::distribution::normal::Normal as statrs::statistics::traits::Distribution<f64>>::entropy
                0x00000000000bb684                <statrs::distribution::normal::Normal as statrs::distribution::Continuous<f64,f64>>::pdf
                0x00000000000bb6f0                <statrs::distribution::normal::Normal as statrs::distribution::Continuous<f64,f64>>::ln_pdf
                0x00000000000bb75c                <statrs::distribution::pareto::ParetoError as core::fmt::Display>::fmt
                0x00000000000bb7c4                <statrs::distribution::pareto::Pareto as core::fmt::Display>::fmt
                0x00000000000bb844                <statrs::distribution::pareto::Pareto as statrs::distribution::ContinuousCDF<f64,f64>>::cdf
                0x00000000000bb8cc                <statrs::distribution::pareto::Pareto as statrs::distribution::ContinuousCDF<f64,f64>>::sf
                0x00000000000bb954                <statrs::distribution::pareto::Pareto as statrs::distribution::ContinuousCDF<f64,f64>>::inverse_cdf
                0x00000000000bba1c                <statrs::distribution::pareto::Pareto as statrs::statistics::traits::Distribution<f64>>::entropy
                0x00000000000bba8c                <statrs::distribution::pareto::Pareto as statrs::statistics::traits::Distribution<f64>>::skewness
                0x00000000000bbb34                <statrs::distribution::pareto::Pareto as statrs::statistics::traits::Median<f64>>::median
                0x00000000000bbb84                <statrs::distribution::pareto::Pareto as statrs::distribution::Continuous<f64,f64>>::pdf
                0x00000000000bbc28                <statrs::distribution::pareto::Pareto as statrs::distribution::Continuous<f64,f64>>::ln_pdf
                0x00000000000bbce4                <statrs::distribution::poisson::PoissonError as core::fmt::Display>::fmt
                0x00000000000bbd24                <statrs::distribution::poisson::Poisson as core::fmt::Display>::fmt
                0x00000000000bbd9c                <statrs::distribution::poisson::Poisson as statrs::distribution::DiscreteCDF<u64,f64>>::cdf
                0x00000000000bbe68                <statrs::distribution::poisson::Poisson as statrs::distribution::DiscreteCDF<u64,f64>>::sf
                0x00000000000bbf34                <statrs::distribution::poisson::Poisson as statrs::statistics::traits::Distribution<f64>>::entropy
                0x00000000000bbfe4                <statrs::distribution::poisson::Poisson as statrs::statistics::traits::Distribution<f64>>::skewness
                0x00000000000bc02c                <statrs::distribution::poisson::Poisson as statrs::statistics::traits::Median<f64>>::median
                0x00000000000bc088                <statrs::distribution::poisson::Poisson as statrs::statistics::traits::Mode<core::option::Option<u64>>>::mode
                0x00000000000bc0c8                <statrs::distribution::poisson::Poisson as statrs::distribution::Discrete<u64,f64>>::pmf
                0x00000000000bc1cc                <statrs::distribution::poisson::Poisson as statrs::distribution::Discrete<u64,f64>>::ln_pmf
                0x00000000000bc2d0                <statrs::distribution::students_t::StudentsTError as core::fmt::Display>::fmt
                0x00000000000bc3a4                <statrs::distribution::students_t::StudentsT as core::fmt::Display>::fmt
                0x00000000000bc42c                <statrs::distribution::students_t::StudentsT as statrs::distribution::ContinuousCDF<f64,f64>>::cdf
                0x00000000000bc69c                <statrs::distribution::students_t::StudentsT as statrs::distribution::ContinuousCDF<f64,f64>>::sf
                0x00000000000bc90c                <statrs::distribution::students_t::StudentsT as statrs::distribution::ContinuousCDF<f64,f64>>::inverse_cdf
                0x00000000000bca68                <statrs::distribution::students_t::StudentsT as statrs::statistics::traits::Distribution<f64>>::entropy
                0x00000000000bcbac                <statrs::distribution::students_t::StudentsT as statrs::distribution::Continuous<f64,f64>>::pdf
                0x00000000000bcd40                <statrs::distribution::students_t::StudentsT as statrs::distribution::Continuous<f64,f64>>::ln_pdf
                0x00000000000bcee0                <statrs::distribution::triangular::TriangularError as core::fmt::Display>::fmt
                0x00000000000bd00c                statrs::distribution::triangular::Triangular::new
                0x00000000000bd234                <statrs::distribution::triangular::Triangular as core::fmt::Display>::fmt
                0x00000000000bd2bc                <statrs::distribution::triangular::Triangular as statrs::distribution::ContinuousCDF<f64,f64>>::inverse_cdf
                0x00000000000bd428                <statrs::distribution::triangular::Triangular as statrs::statistics::traits::Distribution<f64>>::entropy
                0x00000000000bd480                <statrs::distribution::triangular::Triangular as statrs::statistics::traits::Distribution<f64>>::skewness
                0x00000000000bd540                <statrs::distribution::triangular::Triangular as statrs::statistics::traits::Median<f64>>::median
                0x00000000000bd610                <statrs::distribution::triangular::Triangular as statrs::distribution::Continuous<f64,f64>>::ln_pdf
                0x00000000000bd748                <statrs::distribution::uniform::UniformError as core::fmt::Display>::fmt
                0x00000000000bd814                statrs::distribution::uniform::Uniform::new
                0x00000000000bd970                <statrs::distribution::uniform::Uniform as core::fmt::Display>::fmt
                0x00000000000bd9f0                <statrs::distribution::uniform::Uniform as statrs::distribution::ContinuousCDF<f64,f64>>::inverse_cdf
                0x00000000000bdb2c                <statrs::distribution::uniform::Uniform as statrs::statistics::traits::Distribution<f64>>::entropy
                0x00000000000bdb70                <statrs::distribution::uniform::Uniform as statrs::distribution::Continuous<f64,f64>>::ln_pdf
                0x00000000000bdc08                <statrs::distribution::weibull::WeibullError as core::fmt::Display>::fmt
                0x00000000000bdc70                statrs::distribution::weibull::Weibull::new
                0x00000000000bdd40                <statrs::distribution::weibull::Weibull as core::fmt::Display>::fmt
                0x00000000000bddc0                <statrs::distribution::weibull::Weibull as statrs::distribution::ContinuousCDF<f64,f64>>::cdf
                0x00000000000bde4c                <statrs::distribution::weibull::Weibull as statrs::distribution::ContinuousCDF<f64,f64>>::sf
                0x00000000000bdedc                <statrs::distribution::weibull::Weibull as statrs::distribution::ContinuousCDF<f64,f64>>::inverse_cdf
                0x00000000000bdfa4                <statrs::distribution::weibull::Weibull as statrs::statistics::traits::Distribution<f64>>::mean
                0x00000000000bdffc                <statrs::distribution::weibull::Weibull as statrs::statistics::traits::Distribution<f64>>::variance
                0x00000000000be07c                <statrs::distribution::weibull::Weibull as statrs::statistics::traits::Distribution<f64>>::entropy
                0x00000000000be0e8                <statrs::distribution::weibull::Weibull as statrs::statistics::traits::Distribution<f64>>::skewness
                0x00000000000be1b4                <statrs::distribution::weibull::Weibull as statrs::statistics::traits::Median<f64>>::median
                0x00000000000be20c                <statrs::distribution::weibull::Weibull as statrs::statistics::traits::Mode<core::option::Option<f64>>>::mode
                0x00000000000be3b0                <statrs::distribution::weibull::Weibull as statrs::distribution::Continuous<f64,f64>>::pdf
                0x00000000000be634                <statrs::distribution::weibull::Weibull as statrs::distribution::Continuous<f64,f64>>::ln_pdf
                0x00000000000be8e4                <i64 as statrs::euclid::Modulus>::modulus
                0x00000000000bea48                <i32 as statrs::euclid::Modulus>::modulus
                0x00000000000bebac                <u64 as statrs::euclid::Modulus>::modulus
                0x00000000000bec50                <u32 as statrs::euclid::Modulus>::modulus
                0x00000000000becf4                <statrs::function::beta::BetaFuncError as core::fmt::Display>::fmt
                0x00000000000bedc0                statrs::function::beta::ln_beta
                0x00000000000beea0                statrs::function::beta::checked_ln_beta
                0x00000000000bef90                statrs::function::beta::beta
                0x00000000000bf070                statrs::function::beta::checked_beta
                0x00000000000bf150                statrs::function::beta::beta_inc
                0x00000000000bf2c0                statrs::function::beta::checked_beta_inc
                0x00000000000bf450                statrs::function::beta::beta_reg
                0x00000000000bf51c                statrs::function::beta::checked_beta_reg
                0x00000000000bfb6c                statrs::function::beta::inv_beta_reg
                0x00000000000c033c                statrs::function::erf::erf
                0x00000000000c0440                statrs::function::erf::erf_inv
                0x00000000000c0564                statrs::function::erf::erfc
                0x00000000000c0638                statrs::function::erf::erfc_inv
                0x00000000000c1c40                statrs::function::evaluate::polynomial
                0x00000000000c1d24                statrs::function::exponential::integral
                0x00000000000c23c0                statrs::function::factorial::factorial
                0x00000000000c2434                statrs::function::factorial::ln_factorial
                0x00000000000c24d8                statrs::function::factorial::binomial
                0x00000000000c2738                statrs::function::factorial::ln_binomial
                0x00000000000c298c                statrs::function::factorial::multinomial
                0x00000000000c2c08                statrs::function::factorial::checked_multinomial
                0x00000000000c2e68                <statrs::function::gamma::GammaFuncError as core::fmt::Display>::fmt
                0x00000000000c2ed0                statrs::function::gamma::ln_gamma
                0x00000000000c3200                statrs::function::gamma::gamma
                0x00000000000c3508                statrs::function::gamma::gamma_ui
                0x00000000000c35e0                statrs::function::gamma::checked_gamma_ui
                0x00000000000c36cc                statrs::function::gamma::gamma_li
                0x00000000000c37a4                statrs::function::gamma::checked_gamma_li
                0x00000000000c3890                statrs::function::gamma::gamma_ur
                0x00000000000c394c                statrs::function::gamma::checked_gamma_ur
                0x00000000000c3e48                statrs::function::gamma::gamma_lr
                0x00000000000c3f04                statrs::function::gamma::checked_gamma_lr
                0x00000000000c447c                statrs::function::gamma::digamma
                0x00000000000c4844                statrs::function::gamma::inv_digamma
                0x00000000000c4a2c                statrs::function::harmonic::harmonic
                0x00000000000c4ab0                statrs::function::harmonic::gen_harmonic
                0x00000000000c4c74                statrs::function::logistic::logistic
                0x00000000000c4cc4                statrs::function::logistic::logit
                0x00000000000c4d4c                statrs::function::logistic::checked_logit
                0x00000000000c4dbc                statrs::generate::log_spaced
                0x00000000000c52a4                <statrs::generate::InfinitePeriodic as core::fmt::Display>::fmt
                0x00000000000c5348                <statrs::generate::InfiniteSinusoidal as core::fmt::Display>::fmt
                0x00000000000c53f4                <statrs::generate::InfiniteSinusoidal as core::iter::traits::iterator::Iterator>::next
                0x00000000000c54e8                <statrs::generate::InfiniteSquare as core::fmt::Display>::fmt
                0x00000000000c5594                <statrs::generate::InfiniteTriangle as core::fmt::Display>::fmt
                0x00000000000c5640                <statrs::generate::InfiniteSawtooth as core::fmt::Display>::fmt
                0x00000000000c56ec                statrs::prec::almost_eq
                0x00000000000c57bc                statrs::prec::convergence
                0x00000000000c58e0                statrs::statistics::slice_statistics::handle_rank_ties
                0x00000000000c6060                <statrs::stats_tests::fisher::FishersExactTestError as core::fmt::Display>::fmt
                0x00000000000c6180                statrs::stats_tests::fisher::fishers_exact_with_odds_ratio
                0x00000000000c63c0                statrs::stats_tests::fisher::fishers_exact
 .text          0x00000000000c6be0     0x3a78 /tmp/tmp.1AvJ5bNGPW.o
                0x00000000000c6d98                alloc::raw_vec::RawVec<T,A>::grow_one
                0x00000000000c6f30                ndarray::arrayformat::format_with_overflow
                0x00000000000c72e0                <ndarray::error::ShapeError as core::fmt::Display>::fmt
                0x00000000000c7410                <ndarray::error::ShapeError as core::fmt::Debug>::fmt
                0x00000000000c748c                ndarray::layout::layoutfmt::<impl core::fmt::Debug for ndarray::layout::Layout>::fmt
                0x00000000000c7908                <ndarray::slice::SliceInfoElem as core::fmt::Display>::fmt
                0x00000000000c7c24                <[ndarray::slice::SliceInfoElem] as ndarray::slice::SliceArg<ndarray::dimension::dim::Dim<ndarray::dimension::dynindeximpl::IxDynImpl>>>::in_ndim
                0x00000000000c7d74                <[ndarray::slice::SliceInfoElem] as ndarray::slice::SliceArg<ndarray::dimension::dim::Dim<ndarray::dimension::dynindeximpl::IxDynImpl>>>::out_ndim
                0x00000000000c7ec4                <ndarray::low_level_util::AbortIfPanic as core::ops::drop::Drop>::drop
                0x00000000000c7f24                ndarray::dimension::dimension_trait::<impl core::ops::index::Index<usize> for ndarray::dimension::dim::Dim<ndarray::dimension::dynindeximpl::IxDynImpl>>::index
                0x00000000000c7f24                ndarray::dimension::dimension_trait::<impl core::ops::index::IndexMut<usize> for ndarray::dimension::dim::Dim<ndarray::dimension::dynindeximpl::IxDynImpl>>::index_mut
                0x00000000000c7fec                <ndarray::dimension::dynindeximpl::IxDynRepr<usize> as core::default::Default>::default
                0x00000000000c802c                ndarray::dimension::dynindeximpl::IxDynImpl::insert
                0x00000000000c86c4                ndarray::dimension::dynindeximpl::<impl ndarray::dimension::remove_axis::RemoveAxis for ndarray::dimension::dim::Dim<ndarray::dimension::dynindeximpl::IxDynImpl>>::remove_axis
                0x00000000000c8c08                ndarray::dimension::ndindex::<impl ndarray::dimension::conversion::IntoDimension for &[usize]>::into_dimension
                0x00000000000c8e04                <&ndarray::dimension::dim::Dim<ndarray::dimension::dynindeximpl::IxDynImpl> as ndarray::dimension::ndindex::NdIndex<ndarray::dimension::dim::Dim<ndarray::dimension::dynindeximpl::IxDynImpl>>>::index_checked
                0x00000000000c8f78                <&ndarray::dimension::dim::Dim<ndarray::dimension::dynindeximpl::IxDynImpl> as ndarray::dimension::ndindex::NdIndex<ndarray::dimension::dim::Dim<ndarray::dimension::dynindeximpl::IxDynImpl>>>::index_unchecked
                0x00000000000c9140                <&[usize] as ndarray::dimension::ndindex::NdIndex<ndarray::dimension::dim::Dim<ndarray::dimension::dynindeximpl::IxDynImpl>>>::index_checked
                0x00000000000c92a0                <&[usize] as ndarray::dimension::ndindex::NdIndex<ndarray::dimension::dim::Dim<ndarray::dimension::dynindeximpl::IxDynImpl>>>::index_unchecked
                0x00000000000c9454                ndarray::dimension::do_slice
                0x00000000000c972c                ndarray::dimension::arith_seq_intersect
                0x00000000000c9d24                ndarray::dimension::slice_min_max
                0x00000000000ca00c                ndarray::dimension::conversion::<impl num_traits::identities::Zero for ndarray::dimension::dim::Dim<[usize; 0]>>::is_zero
                0x00000000000ca014                ndarray::dimension::conversion::<impl num_traits::identities::Zero for ndarray::dimension::dim::Dim<[usize; 1]>>::is_zero
                0x00000000000ca054                ndarray::dimension::conversion::<impl num_traits::identities::Zero for ndarray::dimension::dim::Dim<[usize; 2]>>::is_zero
                0x00000000000ca098                ndarray::dimension::conversion::<impl num_traits::identities::Zero for ndarray::dimension::dim::Dim<[usize; 3]>>::is_zero
                0x00000000000ca0e4                ndarray::dimension::conversion::<impl num_traits::identities::Zero for ndarray::dimension::dim::Dim<[usize; 4]>>::is_zero
                0x00000000000ca140                ndarray::dimension::conversion::<impl num_traits::identities::Zero for ndarray::dimension::dim::Dim<[usize; 5]>>::is_zero
                0x00000000000ca1a4                ndarray::dimension::conversion::<impl num_traits::identities::Zero for ndarray::dimension::dim::Dim<[usize; 6]>>::is_zero
                0x00000000000ca210                <ndarray::dimension::dim::Dim<[usize; 6]> as ndarray::dimension::dimension_trait::Dimension>::insert_axis
 .text          0x00000000000ca658     0x1198 /tmp/tmp.T4JcO1buAE.o
                0x00000000000ca658                std::io::error::Error::new
                0x00000000000ca98c                <getrandom::error::Error as core::fmt::Debug>::fmt
                0x00000000000cacd8                <getrandom::error::Error as core::fmt::Display>::fmt
                0x00000000000cb018                getrandom::error_impls::<impl core::convert::From<getrandom::error::Error> for std::io::error::Error>::from
                0x00000000000cb0dc                getrandom::imp::getrandom_inner
 .text          0x00000000000cb7f0     0x32a8 /tmp/tmp.tnd3D19n8w.o
                0x00000000000cbdc8                <num_traits::ParseFloatError as core::fmt::Display>::fmt
                0x00000000000cbe34                <f32 as num_traits::Num>::from_str_radix
                0x00000000000cd46c                <f64 as num_traits::Num>::from_str_radix
 .text          0x00000000000cea98    0x1ed9c /tmp/tmp.qgbdJ0RIaK.o
                0x00000000000cea98                wide::<impl core::fmt::Binary for wide::f32x8_::f32x8>::fmt
                0x00000000000cea98                wide::<impl core::fmt::Binary for wide::u32x8_::u32x8>::fmt
                0x00000000000cee58                wide::<impl core::fmt::Binary for wide::u32x4_::u32x4>::fmt
                0x00000000000cee58                wide::<impl core::fmt::Binary for wide::f32x4_::f32x4>::fmt
                0x00000000000cf078                wide::<impl core::fmt::Binary for wide::u64x4_::u64x4>::fmt
                0x00000000000cf078                wide::<impl core::fmt::Binary for wide::f64x4_::f64x4>::fmt
                0x00000000000cf298                wide::<impl core::fmt::Binary for wide::f64x2_::f64x2>::fmt
                0x00000000000cf298                wide::<impl core::fmt::Binary for wide::u64x2_::u64x2>::fmt
                0x00000000000cf3e8                wide::<impl core::fmt::Binary for wide::i8x32_::i8x32>::fmt
                0x00000000000cf59c                wide::<impl core::fmt::Binary for wide::i8x16_::i8x16>::fmt
                0x00000000000cfcb0                wide::<impl core::fmt::Binary for wide::i16x8_::i16x8>::fmt
                0x00000000000d0074                wide::<impl core::fmt::Binary for wide::i16x16_::i16x16>::fmt
                0x00000000000d0778                wide::<impl core::fmt::Binary for wide::i32x8_::i32x8>::fmt
                0x00000000000d0b38                wide::<impl core::fmt::Binary for wide::i32x4_::i32x4>::fmt
                0x00000000000d0d58                wide::<impl core::fmt::Binary for wide::i64x2_::i64x2>::fmt
                0x00000000000d0ea8                wide::<impl core::fmt::Binary for wide::i64x4_::i64x4>::fmt
                0x00000000000d10c8                wide::<impl core::fmt::Binary for wide::u8x16_::u8x16>::fmt
                0x00000000000d17dc                wide::<impl core::fmt::Binary for wide::u16x8_::u16x8>::fmt
                0x00000000000d1ba0                wide::<impl core::fmt::Binary for wide::u16x16_::u16x16>::fmt
                0x00000000000d22a4                wide::<impl core::fmt::Debug for wide::f32x8_::f32x8>::fmt
                0x00000000000d2664                wide::<impl core::fmt::Debug for wide::f32x4_::f32x4>::fmt
                0x00000000000d2884                wide::<impl core::fmt::Debug for wide::f64x4_::f64x4>::fmt
                0x00000000000d2aa4                wide::<impl core::fmt::Debug for wide::f64x2_::f64x2>::fmt
                0x00000000000d2bf4                wide::<impl core::fmt::Debug for wide::i8x32_::i8x32>::fmt
                0x00000000000d2f14                wide::<impl core::fmt::Debug for wide::i8x16_::i8x16>::fmt
                0x00000000000d3234                wide::<impl core::fmt::Debug for wide::i16x8_::i16x8>::fmt
                0x00000000000d3b60                wide::<impl core::fmt::Debug for wide::i16x16_::i16x16>::fmt
                0x00000000000d3e80                wide::<impl core::fmt::Debug for wide::i32x8_::i32x8>::fmt
                0x00000000000d47a0                wide::<impl core::fmt::Debug for wide::i32x4_::i32x4>::fmt
                0x00000000000d4c70                wide::<impl core::fmt::Debug for wide::i64x2_::i64x2>::fmt
                0x00000000000d4f18                wide::<impl core::fmt::Debug for wide::i64x4_::i64x4>::fmt
                0x00000000000d53e8                wide::<impl core::fmt::Debug for wide::u8x16_::u8x16>::fmt
                0x00000000000d5708                wide::<impl core::fmt::Debug for wide::u16x8_::u16x8>::fmt
                0x00000000000d6034                wide::<impl core::fmt::Debug for wide::u16x16_::u16x16>::fmt
                0x00000000000d6354                wide::<impl core::fmt::Debug for wide::u32x8_::u32x8>::fmt
                0x00000000000d6c74                wide::<impl core::fmt::Debug for wide::u32x4_::u32x4>::fmt
                0x00000000000d7144                wide::<impl core::fmt::Debug for wide::u64x2_::u64x2>::fmt
                0x00000000000d73ec                wide::<impl core::fmt::Debug for wide::u64x4_::u64x4>::fmt
                0x00000000000d78bc                wide::<impl core::fmt::Display for wide::f32x8_::f32x8>::fmt
                0x00000000000d7c7c                wide::<impl core::fmt::Display for wide::f32x4_::f32x4>::fmt
                0x00000000000d7e9c                wide::<impl core::fmt::Display for wide::f64x4_::f64x4>::fmt
                0x00000000000d80bc                wide::<impl core::fmt::Display for wide::f64x2_::f64x2>::fmt
                0x00000000000d820c                wide::<impl core::fmt::Display for wide::i8x32_::i8x32>::fmt
                0x00000000000d83c0                wide::<impl core::fmt::Display for wide::i8x16_::i8x16>::fmt
                0x00000000000d8ad4                wide::<impl core::fmt::Display for wide::i16x8_::i16x8>::fmt
                0x00000000000d8e98                wide::<impl core::fmt::Display for wide::i16x16_::i16x16>::fmt
                0x00000000000d959c                wide::<impl core::fmt::Display for wide::i32x8_::i32x8>::fmt
                0x00000000000d995c                wide::<impl core::fmt::Display for wide::i32x4_::i32x4>::fmt
                0x00000000000d9b7c                wide::<impl core::fmt::Display for wide::i64x2_::i64x2>::fmt
                0x00000000000d9ccc                wide::<impl core::fmt::Display for wide::i64x4_::i64x4>::fmt
                0x00000000000d9eec                wide::<impl core::fmt::Display for wide::u8x16_::u8x16>::fmt
                0x00000000000da600                wide::<impl core::fmt::Display for wide::u16x8_::u16x8>::fmt
                0x00000000000da9c4                wide::<impl core::fmt::Display for wide::u16x16_::u16x16>::fmt
                0x00000000000db0c8                wide::<impl core::fmt::Display for wide::u32x8_::u32x8>::fmt
                0x00000000000db488                wide::<impl core::fmt::Display for wide::u32x4_::u32x4>::fmt
                0x00000000000db6a8                wide::<impl core::fmt::Display for wide::u64x2_::u64x2>::fmt
                0x00000000000db7f8                wide::<impl core::fmt::Display for wide::u64x4_::u64x4>::fmt