Archive member included to satisfy reference by file (symbol)

/usr/lib/aarch64-linux-gnu/libc_nonshared.a(pthread_atfork.oS)
                              /tmp/tmp.Qf2Ul5FkBx.o (pthread_atfork)

Merging program properties

Removed property 0xc0000000 to merge /usr/lib/gcc/aarch64-linux-gnu/13/crtbeginS.o (0x3) and /lib/aarch64-linux-gnu/crti.o (not found)
Removed property 0xc0000000 to merge /usr/lib/gcc/aarch64-linux-gnu/13/crtbeginS.o (not found) and /usr/lib/gcc/aarch64-linux-gnu/13/crtendS.o (0x3)

As-needed library included to satisfy reference by file (symbol)

libgcc_s.so.1                 /tmp/tmp.KhYwSoNWhz.o (_Unwind_Resume@@GCC_3.0)

Discarded input sections

 .data          0x0000000000000000        0x0 /lib/aarch64-linux-gnu/crti.o
 .bss           0x0000000000000000        0x0 /lib/aarch64-linux-gnu/crti.o
 .note.GNU-stack
                0x0000000000000000        0x0 /lib/aarch64-linux-gnu/crti.o
 .data          0x0000000000000000        0x0 /usr/lib/gcc/aarch64-linux-gnu/13/crtbeginS.o
 .note.GNU-stack
                0x0000000000000000        0x0 /usr/lib/gcc/aarch64-linux-gnu/13/crtbeginS.o
 .note.gnu.property
                0x0000000000000000       0x20 /usr/lib/gcc/aarch64-linux-gnu/13/crtbeginS.o
 .text          0x0000000000000000        0x0 /tmp/tmp.EwqNAvID6k.o
 .llvmbc        0x0000000000000000      0x8e0 /tmp/tmp.EwqNAvID6k.o
 .llvmcmd       0x0000000000000000        0x0 /tmp/tmp.EwqNAvID6k.o
 .comment       0x0000000000000000       0x35 /tmp/tmp.EwqNAvID6k.o
 .note.GNU-stack
                0x0000000000000000        0x0 /tmp/tmp.EwqNAvID6k.o
 .text          0x0000000000000000        0x0 /tmp/tmp.gmE3RKqokL.o
 .llvmbc        0x0000000000000000      0x8cc /tmp/tmp.gmE3RKqokL.o
 .llvmcmd       0x0000000000000000        0x0 /tmp/tmp.gmE3RKqokL.o
 .comment       0x0000000000000000       0x35 /tmp/tmp.gmE3RKqokL.o
 .note.GNU-stack
                0x0000000000000000        0x0 /tmp/tmp.gmE3RKqokL.o
 .text          0x0000000000000000        0x0 /tmp/tmp.FEfub38tH0.o
 .llvmbc        0x0000000000000000      0x8cc /tmp/tmp.FEfub38tH0.o
 .llvmcmd       0x0000000000000000        0x0 /tmp/tmp.FEfub38tH0.o
 .comment       0x0000000000000000       0x35 /tmp/tmp.FEfub38tH0.o
 .note.GNU-stack
                0x0000000000000000        0x0 /tmp/tmp.FEfub38tH0.o
 .text          0x0000000000000000        0x0 /tmp/tmp.wzcPXLKkaY.o
 .llvmbc        0x0000000000000000      0x974 /tmp/tmp.wzcPXLKkaY.o
 .llvmcmd       0x0000000000000000        0x0 /tmp/tmp.wzcPXLKkaY.o
 .comment       0x0000000000000000       0x35 /tmp/tmp.wzcPXLKkaY.o
 .note.GNU-stack
                0x0000000000000000        0x0 /tmp/tmp.wzcPXLKkaY.o
 .text          0x0000000000000000     0x134c /tmp/tmp.KhYwSoNWhz.o
 .llvmbc        0x0000000000000000     0xe804 /tmp/tmp.KhYwSoNWhz.o
 .llvmcmd       0x0000000000000000        0x0 /tmp/tmp.KhYwSoNWhz.o
 .rodata.cst8   0x0000000000000000       0x28 /tmp/tmp.KhYwSoNWhz.o
 .gcc_except_table
                0x0000000000000000       0x18 /tmp/tmp.KhYwSoNWhz.o
 .rodata        0x0000000000000000       0x7e /tmp/tmp.KhYwSoNWhz.o
 .data.rel.ro   0x0000000000000000       0xd8 /tmp/tmp.KhYwSoNWhz.o
 .rodata.cst16  0x0000000000000000       0x10 /tmp/tmp.KhYwSoNWhz.o
 .group         0x0000000000000000        0xc /tmp/tmp.KhYwSoNWhz.o
 .note.GNU-stack
                0x0000000000000000        0x0 /tmp/tmp.KhYwSoNWhz.o
 .llvmbc        0x0000000000000000    0x142ac /tmp/tmp.SZgKHXkev4.o
 .llvmcmd       0x0000000000000000        0x0 /tmp/tmp.SZgKHXkev4.o
 .group         0x0000000000000000        0xc /tmp/tmp.SZgKHXkev4.o
 .data.DW.ref.rust_eh_personality
                0x0000000000000000        0x8 /tmp/tmp.SZgKHXkev4.o
 .note.GNU-stack
                0x0000000000000000        0x0 /tmp/tmp.SZgKHXkev4.o
 .text          0x0000000000000000        0x0 /tmp/tmp.DKvxxheTuD.o
 .llvmbc        0x0000000000000000      0x8e8 /tmp/tmp.DKvxxheTuD.o
 .llvmcmd       0x0000000000000000        0x0 /tmp/tmp.DKvxxheTuD.o
 .comment       0x0000000000000000       0x35 /tmp/tmp.DKvxxheTuD.o
 .note.GNU-stack
                0x0000000000000000        0x0 /tmp/tmp.DKvxxheTuD.o
 .text          0x0000000000000000     0x2c08 /tmp/tmp.W8W1t8YRvl.o
 .llvmbc        0x0000000000000000    0x18af0 /tmp/tmp.W8W1t8YRvl.o
 .llvmcmd       0x0000000000000000        0x0 /tmp/tmp.W8W1t8YRvl.o
 .data.rel.ro   0x0000000000000000       0xa8 /tmp/tmp.W8W1t8YRvl.o
 .note.GNU-stack
                0x0000000000000000        0x0 /tmp/tmp.W8W1t8YRvl.o
 .text          0x0000000000000000        0x0 /tmp/tmp.9mR0FNkjJb.o
 .llvmbc        0x0000000000000000      0x918 /tmp/tmp.9mR0FNkjJb.o
 .llvmcmd       0x0000000000000000        0x0 /tmp/tmp.9mR0FNkjJb.o
 .comment       0x0000000000000000       0x35 /tmp/tmp.9mR0FNkjJb.o
 .note.GNU-stack
                0x0000000000000000        0x0 /tmp/tmp.9mR0FNkjJb.o
 .text          0x0000000000000000     0x58a0 /tmp/tmp.3sWGT1Vpgg.o
 .llvmbc        0x0000000000000000    0x3c710 /tmp/tmp.3sWGT1Vpgg.o
[...]
Memory Configuration

Name             Origin             Length             Attributes
*default*        0x0000000000000000 0xffffffffffffffff

Linker script and memory map

LOAD /lib/aarch64-linux-gnu/crti.o
LOAD /usr/lib/gcc/aarch64-linux-gnu/13/crtbeginS.o
LOAD /tmp/tmp.EwqNAvID6k.o
LOAD /tmp/tmp.gmE3RKqokL.o
LOAD /tmp/tmp.FEfub38tH0.o
LOAD /tmp/tmp.wzcPXLKkaY.o
LOAD /tmp/tmp.KhYwSoNWhz.o
LOAD /tmp/tmp.SZgKHXkev4.o
LOAD /tmp/tmp.DKvxxheTuD.o
LOAD /tmp/tmp.W8W1t8YRvl.o
LOAD /tmp/tmp.9mR0FNkjJb.o
LOAD /tmp/tmp.3sWGT1Vpgg.o
LOAD /tmp/tmp.sDgXB1C1nK.o
LOAD /tmp/tmp.WQYLi1UIYA.o
LOAD /tmp/tmp.isbd1CWKGn.o
LOAD /tmp/tmp.AIOndgSADi.o
LOAD /tmp/tmp.e7X1QCq1Wv.o
LOAD /tmp/tmp.YNbisGAhj1.o
LOAD /tmp/tmp.PIuP2V6lBk.o
LOAD /tmp/tmp.zsjPQNdRc7.o
LOAD /tmp/tmp.hOW3pnqtnM.o
LOAD /tmp/tmp.QP51lMcE3m.o
LOAD /tmp/tmp.dDLK3nK1im.o
LOAD /tmp/tmp.2S8dmL4MtU.o
LOAD /tmp/tmp.75w9aPAaJZ.o
LOAD /tmp/tmp.u9i6VD9eYb.o
LOAD /tmp/tmp.X3DxDydoui.o
LOAD /tmp/tmp.d221m5cAFB.o
LOAD /tmp/tmp.xG9pBGqrL7.o
LOAD /tmp/tmp.Qf2Ul5FkBx.o
LOAD /tmp/tmp.0uI6Ra9Wj4.o
LOAD /tmp/tmp.qDr5AOhpJi.o
LOAD /tmp/tmp.7uCRS6tLdy.o
LOAD /tmp/tmp.HyFX7A8lPC.o
LOAD /tmp/tmp.hkaSlchb19.o
LOAD /tmp/tmp.FdaU0zHJ4k.o
LOAD /tmp/tmp.RYlTBNQMlZ.o
LOAD /tmp/tmp.louOc1TLJn.o
LOAD /tmp/tmp.hhdO7XLQZy.o
LOAD /tmp/tmp.8HMc34Mhbl.o
LOAD /tmp/tmp.DBlnRLm1Ph.o
LOAD /tmp/tmp.DnX5S0rMng.o
LOAD /tmp/tmp.V56rIpMfA6.o
LOAD /tmp/tmp.OvQeIs4X30.o
LOAD /tmp/tmp.owTzUaM6lG.o
LOAD /tmp/tmp.zWsNvV5F04.o
LOAD /tmp/tmp.JexjkEur09.o
LOAD /tmp/tmp.u156bTBP8s.o
LOAD /tmp/tmp.ZNcDY3bqZ5.o
LOAD /tmp/tmp.jOvP8fK7S3.o
LOAD /tmp/tmp.3M5a9S1ohH.o
LOAD /tmp/tmp.l9VA8mQ1bP.o
LOAD /tmp/tmp.NllYrhHRSv.o
LOAD /tmp/tmp.xujimoDvfK.o
LOAD /tmp/tmp.UhcqoGCACn.o
LOAD /tmp/tmp.YCX4s1LOEg.o
LOAD /tmp/tmp.8Nvsz4Hd6p.o
LOAD /tmp/tmp.RE1qUqQ9Uf.o
LOAD /lib/aarch64-linux-gnu/libm.so
START GROUP
LOAD /lib/aarch64-linux-gnu/libm.so.6
LOAD /lib/aarch64-linux-gnu/libmvec.so.1
END GROUP
LOAD /root/.rustup/toolchains/nightly-2025-02-10-aarch64-unknown-linux-gnu/lib/rustlib/aarch64-unknown-linux-gnu/lib/libstd.so
LOAD /usr/lib/gcc/aarch64-linux-gnu/13/libgcc.a
LOAD /usr/lib/gcc/aarch64-linux-gnu/13/libgcc_s.so
START GROUP
LOAD /lib/aarch64-linux-gnu/libgcc_s.so.1
LOAD /usr/lib/gcc/aarch64-linux-gnu/13/libgcc.a
END GROUP
LOAD /lib/aarch64-linux-gnu/libc.so
START GROUP
LOAD /lib/aarch64-linux-gnu/libc.so.6
LOAD /usr/lib/aarch64-linux-gnu/libc_nonshared.a
LOAD /lib/ld-linux-aarch64.so.1
END GROUP
LOAD /usr/lib/gcc/aarch64-linux-gnu/13/libgcc.a
LOAD /usr/lib/gcc/aarch64-linux-gnu/13/libgcc_s.so
START GROUP
LOAD /lib/aarch64-linux-gnu/libgcc_s.so.1
LOAD /usr/lib/gcc/aarch64-linux-gnu/13/libgcc.a
END GROUP
LOAD /usr/lib/gcc/aarch64-linux-gnu/13/crtendS.o
LOAD /lib/aarch64-linux-gnu/crtn.o
                0x00000000000001c8                . = (SEGMENT_START ("text-segment", 0x0) + SIZEOF_HEADERS)

.note.gnu.build-id
 *(.note.gnu.build-id)

.hash
 *(.hash)

.gnu.hash       0x00000000000001c8       0x40
 *(.gnu.hash)
 .gnu.hash      0x00000000000001c8       0x40 /lib/aarch64-linux-gnu/crti.o

.dynsym         0x0000000000000208     0x1278
 *(.dynsym)
 .dynsym        0x0000000000000208     0x1278 /lib/aarch64-linux-gnu/crti.o

.dynstr         0x0000000000001480      0x9b2
 *(.dynstr)
 .dynstr        0x0000000000001480      0x9b2 /lib/aarch64-linux-gnu/crti.o

.gnu.version    0x0000000000001e32      0x18a
 *(.gnu.version)
 .gnu.version   0x0000000000001e32      0x18a /lib/aarch64-linux-gnu/crti.o

.gnu.version_d  0x0000000000001fc0        0x0
 *(.gnu.version_d)
 .gnu.version_d
                0x0000000000001fc0        0x0 /lib/aarch64-linux-gnu/crti.o

.gnu.version_r  0x0000000000001fc0      0x120
 *(.gnu.version_r)
 .gnu.version_r
                0x0000000000001fc0      0x120 /lib/aarch64-linux-gnu/crti.o

.rela.dyn       0x00000000000020e0     0xbeb0
 *(.rela.init)
 *(.rela.text .rela.text.* .rela.gnu.linkonce.t.*)
 *(.rela.fini)
 *(.rela.rodata .rela.rodata.* .rela.gnu.linkonce.r.*)
 *(.rela.data .rela.data.* .rela.gnu.linkonce.d.*)
 .rela.data.rel.local
                0x00000000000020e0       0x18 /lib/aarch64-linux-gnu/crti.o
 .rela.data.DW.ref.rust_eh_personality
                0x00000000000020f8       0x18 /lib/aarch64-linux-gnu/crti.o
 .rela.data.rel.ro
                0x0000000000002110     0xb670 /lib/aarch64-linux-gnu/crti.o
 .rela.data     0x000000000000d780       0x30 /lib/aarch64-linux-gnu/crti.o
 *(.rela.tdata .rela.tdata.* .rela.gnu.linkonce.td.*)
 *(.rela.tbss .rela.tbss.* .rela.gnu.linkonce.tb.*)
 *(.rela.ctors)
 *(.rela.dtors)
 *(.rela.got)
 .rela.got      0x000000000000d7b0      0x798 /lib/aarch64-linux-gnu/crti.o
 *(.rela.bss .rela.bss.* .rela.gnu.linkonce.b.*)
 *(.rela.ifunc)
 .rela.ifunc    0x000000000000df48        0x0 /lib/aarch64-linux-gnu/crti.o
 .rela.fini_array
                0x000000000000df48       0x18 /lib/aarch64-linux-gnu/crti.o
 .rela.init_array
                0x000000000000df60       0x18 /lib/aarch64-linux-gnu/crti.o
 .rela.init_array.00099
                0x000000000000df78       0x18 /lib/aarch64-linux-gnu/crti.o

.rela.plt       0x000000000000df90     0x1260
 *(.rela.plt)
 .rela.plt      0x000000000000df90     0x1260 /lib/aarch64-linux-gnu/crti.o
 *(.rela.iplt)

.init           0x000000000000f1f0       0x18
 *(SORT_NONE(.init))
 .init          0x000000000000f1f0       0x10 /lib/aarch64-linux-gnu/crti.o
                0x000000000000f1f0                _init
 .init          0x000000000000f200        0x8 /lib/aarch64-linux-gnu/crtn.o

.plt            0x000000000000f210      0xb80
 *(.plt)
 .plt           0x000000000000f210      0xb80 /lib/aarch64-linux-gnu/crti.o
 *(.iplt)

.text           0x000000000000fd90   0x245d08
 *(.text.unlikely .text.*_unlikely .text.unlikely.*)
 .text.unlikely.
                0x000000000000fd90      0xa10 /tmp/tmp.e7X1QCq1Wv.o
                0x000000000000fd90                core::panicking::assert_failed
                0x0000000000010474                alloc::raw_vec::handle_error
                0x000000000001056c                alloc::alloc::handle_alloc_error
                0x00000000000105d0                alloc::vec::Vec<T,A>::swap_remove::assert_failed
                0x0000000000010628                alloc::vec::Vec<T,A>::insert::assert_failed
                0x0000000000010680                alloc::vec::Vec<T,A>::remove::assert_failed
                0x0000000000010710                alloc::vec::Vec<T,A>::split_off::assert_failed
 .text.unlikely.
                0x00000000000107a0     0x1bf4 /tmp/tmp.u9i6VD9eYb.o
 .text.unlikely.
                0x0000000000012394      0x918 /tmp/tmp.Qf2Ul5FkBx.o
 .text.unlikely.
                0x0000000000012cac     0x23bc /tmp/tmp.louOc1TLJn.o
                0x0000000000013694                serde_json::de::Deserializer<R>::parse_long_integer
                0x0000000000013c54                serde_json::de::Deserializer<R>::parse_decimal_overflow
                0x00000000000141a8                serde_json::de::Deserializer<R>::parse_exponent_overflow
                0x0000000000014410                serde_json::error::Error::syntax
                0x0000000000014594                serde_json::error::Error::io
                0x0000000000014ca4                <serde_json::error::Error as serde::de::Error>::invalid_type
                0x0000000000014d70                <serde_json::error::Error as serde::de::Error>::invalid_value
                0x0000000000014ed0                serde_json::value::de::<impl serde_json::value::Value>::unexpected
 .text.unlikely.
                0x0000000000015068     0x1120 /tmp/tmp.l9VA8mQ1bP.o
                0x0000000000015df8                anyhow::error::<impl anyhow::Error>::chain
                0x0000000000015e78                anyhow::error::<impl core::convert::From<anyhow::Error> for alloc::boxed::Box<dyn core::error::Error+core::marker::Sync+core::marker::Send>>::from
                0x0000000000015f00                anyhow::kind::Boxed::new
 .text.unlikely.
                0x0000000000016188     0x1f0c /tmp/tmp.NllYrhHRSv.o
                0x0000000000016188                core::num::int_log10::panic_for_nonpositive_argument
                0x0000000000016208                core::num::int_sqrt::panic_for_negative_argument
                0x0000000000016288                core::num::overflow_panic::add
                0x0000000000016308                core::num::overflow_panic::sub
                0x0000000000016388                core::num::overflow_panic::mul
                0x0000000000016408                core::num::overflow_panic::div
                0x0000000000016488                core::num::overflow_panic::rem
                0x0000000000016508                core::num::overflow_panic::neg
                0x0000000000016588                core::num::overflow_panic::shr
                0x0000000000016608                core::num::overflow_panic::shl
                0x0000000000016688                core::num::from_ascii_radix_panic
                0x00000000000166ec                core::cell::lazy::panic_poisoned
                0x000000000001676c                core::cell::panic_already_borrowed
                0x00000000000167fc                core::cell::panic_already_mutably_borrowed
                0x000000000001688c                core::option::unwrap_failed
                0x00000000000168f0                core::option::expect_failed
                0x0000000000016988                core::panicking::panic_fmt
                0x00000000000169f8                core::panicking::panic_nounwind_fmt
                0x0000000000016ac8                core::panicking::panic
                0x0000000000016b4c                core::panicking::panic_nounwind
                0x0000000000016bd8                core::panicking::panic_nounwind_nobacktrace
                0x0000000000016c64                core::panicking::panic_explicit
                0x0000000000016cf8                core::panicking::panic_bounds_check
                0x0000000000016d9c                core::panicking::panic_misaligned_pointer_dereference
                0x0000000000016e7c                core::panicking::panic_null_pointer_dereference
                0x0000000000016efc                core::panicking::panic_cannot_unwind
                0x0000000000016f5c                core::panicking::panic_in_cleanup
                0x0000000000016fbc                core::panicking::assert_failed
                0x0000000000017030                core::panicking::assert_failed
                0x00000000000170a4                core::panicking::assert_failed_inner
                0x0000000000017298                core::result::unwrap_failed
                0x0000000000017344                core::slice::sort::shared::smallsort::panic_on_ord_violation
                0x00000000000173c4                core::slice::index::slice_start_index_len_fail
                0x0000000000017428                core::slice::index::slice_end_index_len_fail
                0x000000000001748c                core::slice::index::slice_index_order_fail
                0x00000000000174f0                core::slice::index::slice_start_index_overflow_fail
                0x0000000000017570                core::slice::index::slice_end_index_overflow_fail
                0x00000000000175f0                core::slice::<impl [T]>::copy_from_slice::len_mismatch_fail
                0x0000000000017654                core::str::traits::str_index_overflow_fail
                0x00000000000176d4                core::str::slice_error_fail
                0x0000000000017738                core::intrinsics::mir::CastPtrToPtr::panic_cold_explicit
                0x0000000000017738                core::intrinsics::mir::Drop::panic_cold_explicit
                0x0000000000017738                core::intrinsics::mir::Goto::panic_cold_explicit
                0x0000000000017738                core::intrinsics::mir::Offset::panic_cold_explicit
                0x0000000000017738                core::intrinsics::mir::Unreachable::panic_cold_explicit
                0x0000000000017738                core::intrinsics::mir::Discriminant::panic_cold_explicit
                0x0000000000017738                core::intrinsics::mir::Return::panic_cold_explicit
                0x0000000000017738                core::intrinsics::mir::TailCall::panic_cold_explicit
                0x0000000000017738                core::intrinsics::mir::UnwindUnreachable::panic_cold_explicit
                0x0000000000017738                core::intrinsics::mir::Call::panic_cold_explicit
                0x0000000000017738                core::intrinsics::mir::Deinit::panic_cold_explicit
                0x0000000000017738                core::intrinsics::mir::PtrMetadata::panic_cold_explicit
                0x0000000000017738                core::intrinsics::mir::Retag::panic_cold_explicit
                0x0000000000017738                core::intrinsics::mir::CopyForDeref::panic_cold_explicit
                0x0000000000017738                core::intrinsics::mir::Assume::panic_cold_explicit
                0x0000000000017738                core::intrinsics::mir::StaticMut::panic_cold_explicit
                0x0000000000017738                core::intrinsics::mir::UnwindCleanup::panic_cold_explicit
                0x0000000000017738                core::intrinsics::mir::Field::panic_cold_explicit
                0x0000000000017738                core::intrinsics::mir::__debuginfo::panic_cold_explicit
                0x0000000000017738                core::intrinsics::mir::UnwindContinue::panic_cold_explicit
                0x0000000000017738                core::intrinsics::mir::Variant::panic_cold_explicit
                0x0000000000017738                core::intrinsics::mir::StorageDead::panic_cold_explicit
                0x0000000000017738                core::intrinsics::mir::StorageLive::panic_cold_explicit
                0x0000000000017738                core::intrinsics::mir::__internal_make_place::panic_cold_explicit
                0x0000000000017738                core::intrinsics::mir::ReturnTo::panic_cold_explicit
                0x0000000000017738                core::intrinsics::mir::UnwindResume::panic_cold_explicit
                0x0000000000017738                core::intrinsics::mir::SetDiscriminant::panic_cold_explicit
                0x0000000000017738                core::intrinsics::mir::Len::panic_cold_explicit
                0x0000000000017738                core::intrinsics::mir::UnwindTerminate::panic_cold_explicit
                0x0000000000017738                core::intrinsics::mir::Static::panic_cold_explicit
                0x0000000000017738                core::intrinsics::mir::Checked::panic_cold_explicit
                0x0000000000017738                core::intrinsics::mir::CastTransmute::panic_cold_explicit
                0x0000000000017738                core::intrinsics::mir::Move::panic_cold_explicit
                0x0000000000017794                core::panicking::panic_const::panic_const_add_overflow
                0x0000000000017814                core::panicking::panic_const::panic_const_sub_overflow
                0x0000000000017894                core::panicking::panic_const::panic_const_mul_overflow
                0x0000000000017914                core::panicking::panic_const::panic_const_div_overflow
                0x0000000000017994                core::panicking::panic_const::panic_const_rem_overflow
                0x0000000000017a14                core::panicking::panic_const::panic_const_neg_overflow
                0x0000000000017a94                core::panicking::panic_const::panic_const_shr_overflow
                0x0000000000017b14                core::panicking::panic_const::panic_const_shl_overflow
                0x0000000000017b94                core::panicking::panic_const::panic_const_div_by_zero
                0x0000000000017c14                core::panicking::panic_const::panic_const_rem_by_zero
                0x0000000000017c94                core::panicking::panic_const::panic_const_coroutine_resumed
                0x0000000000017d14                core::panicking::panic_const::panic_const_async_fn_resumed
                0x0000000000017d94                core::panicking::panic_const::panic_const_async_gen_fn_resumed
                0x0000000000017e14                core::panicking::panic_const::panic_const_gen_fn_none
                0x0000000000017e94                core::panicking::panic_const::panic_const_coroutine_resumed_panic
                0x0000000000017f14                core::panicking::panic_const::panic_const_async_fn_resumed_panic
                0x0000000000017f94                core::panicking::panic_const::panic_const_async_gen_fn_resumed_panic
                0x0000000000018014                core::panicking::panic_const::panic_const_gen_fn_none_panic
 .text.unlikely.
                0x0000000000018094      0xbcc /tmp/tmp.xujimoDvfK.o
 .text.unlikely.
                0x0000000000018c60     0x2018 /tmp/tmp.UhcqoGCACn.o
                0x0000000000019b4c                hashbrown::raw::RawTable<T,A>::reserve_rehash
 .text.unlikely.
                0x000000000001ac78     0x687c /tmp/tmp.RE1qUqQ9Uf.o
                0x000000000001ace4                core::panicking::assert_failed
                0x000000000001ad58                core::panicking::assert_failed
                0x000000000001adcc                core::panicking::assert_failed
                0x000000000001ba34                std::thread::local::panic_access_error
                0x000000000001bb44                std::io::buffered::bufwriter::BufWriter<W>::write_cold
                0x000000000001be40                std::io::buffered::bufwriter::BufWriter<W>::write_all_cold
                0x000000000001c31c                std::process::abort
                0x000000000001c370                std::sync::mpmc::context::Context::new
                0x000000000001c8dc                std::sync::lazy_lock::panic_poisoned
                0x000000000001e99c                std::panicking::panic_count::is_zero_slow_path
                0x000000000001ea18                std::panicking::try::cleanup
                0x000000000001ead4                std::panicking::begin_panic
                0x000000000001ec84                std::sys::sync::mutex::futex::Mutex::lock_contended
                0x000000000001f15c                std::sys::sync::mutex::futex::Mutex::wake
                0x000000000001f8e0                std::sys::sync::once::futex::Once::call
                0x00000000000202c4                std::sys::sync::rwlock::futex::RwLock::read_contended
                0x0000000000020904                std::sys::sync::rwlock::futex::RwLock::write_contended
                0x0000000000020e2c                std::sys::sync::rwlock::futex::RwLock::wake_writer_or_readers
 *(.text.exit .text.exit.*)
 *(.text.startup .text.startup.*)
 *(.text.hot .text.hot.*)
 *(SORT_BY_NAME(.text.sorted.*))
 *(.text .stub .text.* .gnu.linkonce.t.*)
 .text          0x00000000000214f4       0x14 /lib/aarch64-linux-gnu/crti.o
 *fill*         0x0000000000021508        0x8 1f2003d5
 .text          0x0000000000021510       0xc8 /usr/lib/gcc/aarch64-linux-gnu/13/crtbeginS.o
 .text          0x00000000000215d8     0x1870 /tmp/tmp.SZgKHXkev4.o
                0x00000000000215d8                std::io::error::Error::new
                0x0000000000021c50                <rand_core::error::Error as core::fmt::Debug>::fmt
                0x0000000000021cfc                <rand_core::error::Error as core::fmt::Display>::fmt
                0x0000000000021e2c                <rand_core::error::ErrorCode as core::fmt::Display>::fmt
                0x0000000000021ed4                rand_core::impls::fill_via_u32_chunks
                0x00000000000220b8                rand_core::impls::fill_via_u64_chunks
                0x000000000002229c                <rand_core::os::OsRng as rand_core::RngCore>::next_u32
                0x0000000000022318                <rand_core::os::OsRng as rand_core::RngCore>::next_u64
                0x0000000000022394                <rand_core::os::OsRng as rand_core::RngCore>::fill_bytes
                0x0000000000022644                <rand_core::os::OsRng as rand_core::RngCore>::try_fill_bytes
                0x00000000000227f8                rand_core::SeedableRng::seed_from_u64::pcg32
                0x000000000002289c                <dyn rand_core::RngCore as std::io::Read>::read
 .text          0x0000000000022e48    0x127c4 /tmp/tmp.e7X1QCq1Wv.o
                0x000000000002358c                alloc::raw_vec::RawVec<T,A>::grow_one
                0x0000000000023818                alloc::alloc::handle_alloc_error::ct_error
                0x0000000000023898                __rdl_oom
                0x0000000000023a10                <alloc::boxed::convert::<impl core::convert::From<alloc::string::String> for alloc::boxed::Box<dyn core::error::Error+core::marker::Sync+core::marker::Send>>::from::StringError as core::error::Error>::description
                0x0000000000023a84                <alloc::boxed::convert::<impl core::convert::From<alloc::string::String> for alloc::boxed::Box<dyn core::error::Error+core::marker::Sync+core::marker::Send>>::from::StringError as core::fmt::Display>::fmt
                0x0000000000023afc                <alloc::boxed::convert::<impl core::convert::From<alloc::string::String> for alloc::boxed::Box<dyn core::error::Error+core::marker::Sync+core::marker::Send>>::from::StringError as core::fmt::Debug>::fmt
                0x0000000000023b74                alloc::boxed::convert::<impl core::convert::From<alloc::string::String> for alloc::boxed::Box<dyn core::error::Error>>::from
                0x0000000000023d4c                alloc::boxed::convert::<impl core::convert::From<&str> for alloc::boxed::Box<dyn core::error::Error>>::from
                0x0000000000024060                alloc::boxed::convert::<impl core::convert::From<alloc::borrow::Cow<str>> for alloc::boxed::Box<dyn core::error::Error+core::marker::Sync+core::marker::Send>>::from
                0x0000000000024464                alloc::boxed::convert::<impl core::convert::From<alloc::borrow::Cow<str>> for alloc::boxed::Box<dyn core::error::Error>>::from
                0x0000000000024868                <alloc::boxed::Box<str> as core::clone::Clone>::clone
                0x0000000000024a78                <alloc::borrow::Cow<str> as core::ops::arith::AddAssign<&str>>::add_assign
                0x00000000000252ac                <alloc::borrow::Cow<str> as core::ops::arith::AddAssign>::add_assign
                0x0000000000025b34                <alloc::collections::btree::map::UnorderedKeyError as core::fmt::Display>::fmt
                0x0000000000025bb8                <alloc::collections::btree::mem::replace::PanicGuard as core::ops::drop::Drop>::drop
                0x0000000000025c0c                <alloc::collections::TryReserveError as core::fmt::Display>::fmt
                0x0000000000025d18                alloc::ffi::c_str::FromVecWithNulError::as_bytes
                0x0000000000025d8c                <&str as alloc::ffi::c_str::CString::new::SpecNewImpl>::spec_new_impl
                0x0000000000025d8c                <&[u8] as alloc::ffi::c_str::CString::new::SpecNewImpl>::spec_new_impl
                0x0000000000026280                <&mut [u8] as alloc::ffi::c_str::CString::new::SpecNewImpl>::spec_new_impl
                0x0000000000026774                alloc::ffi::c_str::CString::from_vec_unchecked
                0x000000000002680c                alloc::ffi::c_str::CString::_from_vec_unchecked
                0x0000000000026e1c                alloc::ffi::c_str::CString::from_raw
                0x0000000000026e98                alloc::ffi::c_str::CString::into_string
                0x00000000000271f8                alloc::ffi::c_str::CString::into_bytes
                0x000000000002726c                <alloc::string::String as core::convert::From<alloc::boxed::Box<str>>>::from
                0x000000000002726c                alloc::ffi::c_str::CString::into_bytes_with_nul
                0x00000000000272d8                alloc::ffi::c_str::CString::from_vec_with_nul_unchecked
                0x00000000000272d8                alloc::string::<impl core::convert::From<alloc::string::String> for alloc::boxed::Box<str>>::from
                0x0000000000027590                alloc::ffi::c_str::CString::from_vec_with_nul
                0x0000000000027b5c                <alloc::ffi::c_str::CString as core::fmt::Debug>::fmt
                0x0000000000027bd4                <alloc::ffi::c_str::CString as core::default::Default>::default
                0x0000000000027ccc                alloc::ffi::c_str::<impl core::convert::From<&core::ffi::c_str::CStr> for alloc::boxed::Box<core::ffi::c_str::CStr>>::from
                0x0000000000027ccc                alloc::ffi::c_str::<impl alloc::borrow::ToOwned for core::ffi::c_str::CStr>::to_owned
                0x0000000000027ed8                alloc::ffi::c_str::<impl core::default::Default for alloc::boxed::Box<core::ffi::c_str::CStr>>::default
                0x0000000000027fd0                <alloc::ffi::c_str::NulError as core::fmt::Display>::fmt
                0x000000000002807c                <alloc::ffi::c_str::FromVecWithNulError as core::fmt::Display>::fmt
                0x00000000000281ac                <alloc::ffi::c_str::IntoStringError as core::fmt::Display>::fmt
                0x0000000000028224                alloc::ffi::c_str::<impl alloc::borrow::ToOwned for core::ffi::c_str::CStr>::clone_into
                0x0000000000028634                alloc::ffi::c_str::<impl core::convert::From<&mut core::ffi::c_str::CStr> for alloc::boxed::Box<core::ffi::c_str::CStr>>::from
                0x0000000000028634                <alloc::ffi::c_str::CString as core::convert::From<&core::ffi::c_str::CStr>>::from
                0x0000000000028840                alloc::ffi::c_str::<impl core::ffi::c_str::CStr>::to_string_lossy
                0x00000000000288b0                alloc::ffi::c_str::CString::into_boxed_c_str
                0x00000000000288b0                alloc::ffi::c_str::<impl core::ffi::c_str::CStr>::into_c_string
                0x00000000000288d8                alloc::fmt::format::format_inner
                0x0000000000028f60                alloc::rc::rc_inner_layout_for_value_layout
                0x00000000000290c0                alloc::str::<impl str>::to_lowercase
                0x000000000002bac0                alloc::str::<impl str>::to_uppercase
                0x000000000002d98c                alloc::string::String::from_utf8_lossy
                0x000000000002e1a0                alloc::string::String::from_utf8_lossy_owned
                0x000000000002e464                alloc::string::String::from_utf16
                0x000000000002eed4                alloc::string::String::from_utf16le
                0x000000000002fce0                alloc::string::String::from_utf16le_lossy
                0x0000000000030bbc                alloc::string::String::from_utf16be
                0x0000000000031918                alloc::string::String::from_utf16be_lossy
                0x0000000000032520                alloc::string::String::into_raw_parts
                0x0000000000032590                alloc::string::String::try_reserve
                0x00000000000328ec                alloc::string::String::try_reserve_exact
                0x0000000000032c08                alloc::string::String::insert_bytes
                0x0000000000032d74                alloc::string::FromUtf8Error::as_bytes
                0x0000000000032de8                alloc::string::FromUtf8Error::into_utf8_lossy
                0x0000000000033570                <alloc::string::FromUtf8Error as core::fmt::Display>::fmt
                0x00000000000335e8                <alloc::string::FromUtf16Error as core::fmt::Display>::fmt
                0x0000000000033660                <alloc::string::String as core::clone::Clone>::clone
                0x000000000003387c                <alloc::string::String as core::clone::Clone>::clone_from
                0x0000000000034478                <&alloc::string::String as core::str::pattern::Pattern>::into_searcher
                0x00000000000344f0                <alloc::string::String as core::convert::From<alloc::borrow::Cow<str>>>::from
                0x0000000000034d78                <alloc::string::IntoChars as core::fmt::Debug>::fmt
                0x0000000000034e2c                <alloc::string::Drain as core::fmt::Debug>::fmt
                0x0000000000034edc                <alloc::string::Drain as core::ops::drop::Drop>::drop
                0x00000000000350c4                alloc::string::Drain::as_str
                0x000000000003513c                <alloc::string::Drain as core::convert::AsRef<str>>::as_ref
                0x000000000003513c                <alloc::string::Drain as core::convert::AsRef<[u8]>>::as_ref
                0x00000000000351b4                <alloc::string::Drain as core::iter::traits::iterator::Iterator>::size_hint
                0x0000000000035230                alloc::sync::arcinner_layout_for_value_layout
                0x0000000000035390                <alloc::vec::Vec<u8> as core::convert::From<&str>>::from
 .text          0x000000000003560c      0x750 /tmp/tmp.zsjPQNdRc7.o
                0x000000000003578c                <hashbrown::control::tag::Tag as core::fmt::Debug>::fmt
                0x0000000000035948                hashbrown::raw::Fallibility::capacity_overflow
                0x00000000000359e0                hashbrown::raw::Fallibility::alloc_err
                0x0000000000035a64                hashbrown::raw::RawIterHashInner::new
                0x0000000000035afc                <hashbrown::raw::RawIterHashInner as core::iter::traits::iterator::Iterator>::next
 .text          0x0000000000035d5c     0x4610 /tmp/tmp.dDLK3nK1im.o
                0x000000000003601c                <serde::de::value::Error as core::fmt::Debug>::fmt
                0x00000000000360c4                <serde::de::value::ExpectedInSeq as serde::de::Expected>::fmt
                0x00000000000361e8                <serde::de::value::ExpectedInMap as serde::de::Expected>::fmt
                0x000000000003630c                serde::de::format::Buf::as_str
                0x00000000000363e8                <serde::de::format::Buf as core::fmt::Write>::write_str
                0x0000000000036570                <serde::de::ignored_any::IgnoredAny as serde::de::Visitor>::expecting
                0x00000000000365ec                <serde::de::impls::UnitVisitor as serde::de::Visitor>::expecting
                0x0000000000036668                <serde::de::impls::BoolVisitor as serde::de::Visitor>::expecting
                0x00000000000366e4                <serde::de::impls::CharVisitor as serde::de::Visitor>::expecting
                0x0000000000036760                <serde::de::impls::StringVisitor as serde::de::Visitor>::expecting
                0x0000000000036760                <serde::__private::de::borrow_cow_str::CowStrVisitor as serde::de::Visitor>::expecting
                0x00000000000367dc                <serde::de::impls::StringInPlaceVisitor as serde::de::Visitor>::expecting
                0x0000000000036858                <serde::de::impls::StrVisitor as serde::de::Visitor>::expecting
                0x00000000000368d4                <serde::de::impls::BytesVisitor as serde::de::Visitor>::expecting
                0x0000000000036950                <serde::de::impls::CStringVisitor as serde::de::Visitor>::expecting
                0x00000000000369cc                <serde::de::impls::PathVisitor as serde::de::Visitor>::expecting
                0x0000000000036a48                <serde::de::impls::PathBufVisitor as serde::de::Visitor>::expecting
                0x0000000000036ac4                <serde::de::impls::OsStringVisitor as serde::de::Visitor>::expecting
                0x0000000000036b40                <<serde::de::impls::<impl serde::de::Deserialize for core::time::Duration>::deserialize::Field as serde::de::Deserialize>::deserialize::FieldVisitor as serde::de::Visitor>::expecting
                0x0000000000036bbc                <serde::de::impls::<impl serde::de::Deserialize for core::time::Duration>::deserialize::DurationVisitor as serde::de::Visitor>::expecting
                0x0000000000036c38                <<serde::de::impls::<impl serde::de::Deserialize for std::time::SystemTime>::deserialize::Field as serde::de::Deserialize>::deserialize::FieldVisitor as serde::de::Visitor>::expecting
                0x0000000000036cb4                <serde::de::impls::<impl serde::de::Deserialize for std::time::SystemTime>::deserialize::DurationVisitor as serde::de::Visitor>::expecting
                0x0000000000036d30                <<serde::de::impls::range::Field as serde::de::Deserialize>::deserialize::FieldVisitor as serde::de::Visitor>::expecting
                0x0000000000036dac                <<serde::de::impls::range_from::Field as serde::de::Deserialize>::deserialize::FieldVisitor as serde::de::Visitor>::expecting
                0x0000000000036e28                <<serde::de::impls::range_to::Field as serde::de::Deserialize>::deserialize::FieldVisitor as serde::de::Visitor>::expecting
                0x0000000000036ea4                <<serde::de::impls::<impl serde::de::Deserialize for core::ops::range::Bound<T>>::deserialize::Field as serde::de::Deserialize>::deserialize::FieldVisitor as serde::de::Visitor>::expecting
                0x0000000000036f20                <<serde::de::impls::<impl serde::de::Deserialize for core::result::Result<T,E>>::deserialize::Field as serde::de::Deserialize>::deserialize::FieldVisitor as serde::de::Visitor>::expecting
                0x0000000000036f9c                <serde::de::Unexpected as core::fmt::Display>::fmt
                0x00000000000374a4                <&str as serde::de::Expected>::fmt
                0x00000000000374a4                <serde::de::value::Error as core::fmt::Display>::fmt
                0x000000000003751c                <dyn serde::de::Expected as core::fmt::Display>::fmt
                0x0000000000037598                <serde::de::OneOf as core::fmt::Display>::fmt
                0x0000000000037a68                <serde::de::WithDecimalPoint as core::fmt::Display>::fmt
                0x0000000000037c24                <<serde::de::WithDecimalPoint as core::fmt::Display>::fmt::LookForDecimalPoint as core::fmt::Write>::write_str
                0x0000000000037e2c                <<serde::de::WithDecimalPoint as core::fmt::Display>::fmt::LookForDecimalPoint as core::fmt::Write>::write_char
                0x0000000000037ebc                serde::ser::fmt::<impl serde::ser::Serializer for &mut core::fmt::Formatter>::serialize_unit_variant
                0x0000000000037f30                <serde::__private::de::borrow_cow_bytes::CowBytesVisitor as serde::de::Visitor>::expecting
                0x0000000000037fac                serde::__private::de::content::Content::as_str
                0x0000000000038160                <serde::__private::de::content::ContentVisitor as serde::de::Visitor>::expecting
                0x00000000000381dc                <serde::__private::de::content::TagOrContentVisitor as serde::de::Visitor>::expecting
                0x0000000000038288                <serde::__private::de::content::TagOrContentFieldVisitor as serde::de::Visitor>::expecting
                0x0000000000038338                <serde::__private::de::content::TagContentOtherFieldVisitor as serde::de::Visitor>::expecting
                0x00000000000383ec                <serde::__private::de::content::UntaggedUnitVisitor as serde::de::Visitor>::expecting
                0x00000000000383ec                <serde::__private::de::content::InternallyTaggedUnitVisitor as serde::de::Visitor>::expecting
                0x000000000003849c                serde::__private::de::flat_map_take_entry
                0x00000000000388a8                <serde::__private::ser::Unsupported as core::fmt::Display>::fmt
                0x0000000000038c00                <serde::__private::doc::Error as core::error::Error>::description
                0x0000000000038c68                <serde::__private::doc::Error as core::fmt::Display>::fmt
                0x0000000000038cd0                serde::__private::string::from_utf8_lossy
                0x0000000000038d40                <serde::de::impls::<impl serde::de::Deserialize for core::num::nonzero::NonZero<i8>>::deserialize::NonZeroVisitor as serde::de::Visitor>::expecting
                0x0000000000038dbc                <serde::de::impls::<impl serde::de::Deserialize for i8>::deserialize::PrimitiveVisitor as serde::de::Visitor>::expecting
                0x0000000000038e38                <serde::de::impls::<impl serde::de::Deserialize for core::num::nonzero::NonZero<i16>>::deserialize::NonZeroVisitor as serde::de::Visitor>::expecting
                0x0000000000038eb4                <serde::de::impls::<impl serde::de::Deserialize for i16>::deserialize::PrimitiveVisitor as serde::de::Visitor>::expecting
                0x0000000000038f30                <serde::de::impls::<impl serde::de::Deserialize for core::num::nonzero::NonZero<i32>>::deserialize::NonZeroVisitor as serde::de::Visitor>::expecting
                0x0000000000038fac                <serde::de::impls::<impl serde::de::Deserialize for i32>::deserialize::PrimitiveVisitor as serde::de::Visitor>::expecting
                0x0000000000039028                <serde::de::impls::<impl serde::de::Deserialize for core::num::nonzero::NonZero<i64>>::deserialize::NonZeroVisitor as serde::de::Visitor>::expecting
                0x00000000000390a4                <serde::de::impls::<impl serde::de::Deserialize for i64>::deserialize::PrimitiveVisitor as serde::de::Visitor>::expecting
                0x0000000000039120                <serde::de::impls::<impl serde::de::Deserialize for core::num::nonzero::NonZero<isize>>::deserialize::NonZeroVisitor as serde::de::Visitor>::expecting
                0x000000000003919c                <serde::de::impls::<impl serde::de::Deserialize for isize>::deserialize::PrimitiveVisitor as serde::de::Visitor>::expecting
                0x0000000000039218                <serde::de::impls::<impl serde::de::Deserialize for core::num::nonzero::NonZero<u8>>::deserialize::NonZeroVisitor as serde::de::Visitor>::expecting
                0x0000000000039294                <serde::de::impls::<impl serde::de::Deserialize for u8>::deserialize::PrimitiveVisitor as serde::de::Visitor>::expecting
                0x0000000000039310                <serde::de::impls::<impl serde::de::Deserialize for core::num::nonzero::NonZero<u16>>::deserialize::NonZeroVisitor as serde::de::Visitor>::expecting
                0x000000000003938c                <serde::de::impls::<impl serde::de::Deserialize for u16>::deserialize::PrimitiveVisitor as serde::de::Visitor>::expecting
                0x0000000000039408                <serde::de::impls::<impl serde::de::Deserialize for core::num::nonzero::NonZero<u32>>::deserialize::NonZeroVisitor as serde::de::Visitor>::expecting
                0x0000000000039484                <serde::de::impls::<impl serde::de::Deserialize for u32>::deserialize::PrimitiveVisitor as serde::de::Visitor>::expecting
                0x0000000000039500                <serde::de::impls::<impl serde::de::Deserialize for core::num::nonzero::NonZero<u64>>::deserialize::NonZeroVisitor as serde::de::Visitor>::expecting
                0x000000000003957c                <serde::de::impls::<impl serde::de::Deserialize for u64>::deserialize::PrimitiveVisitor as serde::de::Visitor>::expecting
                0x00000000000395f8                <serde::de::impls::<impl serde::de::Deserialize for core::num::nonzero::NonZero<usize>>::deserialize::NonZeroVisitor as serde::de::Visitor>::expecting
                0x0000000000039674                <serde::de::impls::<impl serde::de::Deserialize for usize>::deserialize::PrimitiveVisitor as serde::de::Visitor>::expecting
                0x00000000000396f0                <serde::de::impls::<impl serde::de::Deserialize for f32>::deserialize::PrimitiveVisitor as serde::de::Visitor>::expecting
                0x000000000003976c                <serde::de::impls::<impl serde::de::Deserialize for f64>::deserialize::PrimitiveVisitor as serde::de::Visitor>::expecting
                0x00000000000397e8                <serde::de::impls::<impl serde::de::Deserialize for core::num::nonzero::NonZero<i128>>::deserialize::NonZeroVisitor as serde::de::Visitor>::expecting
                0x0000000000039864                <serde::de::impls::<impl serde::de::Deserialize for i128>::deserialize::PrimitiveVisitor as serde::de::Visitor>::expecting
                0x00000000000398e0                <serde::de::impls::<impl serde::de::Deserialize for core::num::nonzero::NonZero<u128>>::deserialize::NonZeroVisitor as serde::de::Visitor>::expecting
                0x000000000003995c                <serde::de::impls::<impl serde::de::Deserialize for u128>::deserialize::PrimitiveVisitor as serde::de::Visitor>::expecting
                0x00000000000399d8                <serde::de::impls::<impl serde::de::Deserialize for core::net::ip_addr::IpAddr>::deserialize::EnumVisitor as serde::de::Visitor>::expecting
                0x0000000000039a54                <<serde::de::impls::<impl serde::de::Deserialize for core::net::socket_addr::SocketAddr>::deserialize::SocketAddrKind as serde::de::Deserialize>::deserialize::KindVisitor as serde::de::Visitor>::expecting
                0x0000000000039a54                <<serde::de::impls::<impl serde::de::Deserialize for core::net::ip_addr::IpAddr>::deserialize::IpAddrKind as serde::de::Deserialize>::deserialize::KindVisitor as serde::de::Visitor>::expecting
                0x0000000000039ad0                <serde::de::impls::<impl serde::de::Deserialize for core::net::socket_addr::SocketAddr>::deserialize::EnumVisitor as serde::de::Visitor>::expecting
                0x0000000000039b4c                <<serde::de::impls::OsStringKind as serde::de::Deserialize>::deserialize::KindVisitor as serde::de::Visitor>::expecting
                0x0000000000039bc8                serde::ser::fmt::<impl serde::ser::Serializer for &mut core::fmt::Formatter>::serialize_bool
                0x0000000000039c4c                serde::ser::fmt::<impl serde::ser::Serializer for &mut core::fmt::Formatter>::serialize_i8
                0x0000000000039cd0                serde::ser::fmt::<impl serde::ser::Serializer for &mut core::fmt::Formatter>::serialize_i16
                0x0000000000039d54                serde::ser::fmt::<impl serde::ser::Serializer for &mut core::fmt::Formatter>::serialize_i32
                0x0000000000039dd8                serde::ser::fmt::<impl serde::ser::Serializer for &mut core::fmt::Formatter>::serialize_i64
                0x0000000000039e5c                serde::ser::fmt::<impl serde::ser::Serializer for &mut core::fmt::Formatter>::serialize_i128
                0x0000000000039edc                serde::ser::fmt::<impl serde::ser::Serializer for &mut core::fmt::Formatter>::serialize_u8
                0x0000000000039f60                serde::ser::fmt::<impl serde::ser::Serializer for &mut core::fmt::Formatter>::serialize_u16
                0x0000000000039fe4                serde::ser::fmt::<impl serde::ser::Serializer for &mut core::fmt::Formatter>::serialize_u32
                0x000000000003a068                serde::ser::fmt::<impl serde::ser::Serializer for &mut core::fmt::Formatter>::serialize_u64
                0x000000000003a0ec                serde::ser::fmt::<impl serde::ser::Serializer for &mut core::fmt::Formatter>::serialize_u128
                0x000000000003a16c                serde::ser::fmt::<impl serde::ser::Serializer for &mut core::fmt::Formatter>::serialize_f32
                0x000000000003a1ec                serde::ser::fmt::<impl serde::ser::Serializer for &mut core::fmt::Formatter>::serialize_f64
                0x000000000003a26c                serde::ser::fmt::<impl serde::ser::Serializer for &mut core::fmt::Formatter>::serialize_char
                0x000000000003a2f0                serde::ser::fmt::<impl serde::ser::Serializer for &mut core::fmt::Formatter>::serialize_str
                0x000000000003a2f0                serde::ser::fmt::<impl serde::ser::Serializer for &mut core::fmt::Formatter>::serialize_unit_struct
 .text          0x000000000003a36c     0xf2f8 /tmp/tmp.u9i6VD9eYb.o
                0x0000000000047e04                entry_point
                0x0000000000049600                help
 .text          0x0000000000049664    0x1f8b0 /tmp/tmp.X3DxDydoui.o
                0x000000000004a180                compiler_builtins::float::conv::int_to_float::u32_to_f128_bits
                0x000000000004a270                compiler_builtins::float::conv::int_to_float::u64_to_f128_bits
                0x000000000004a370                compiler_builtins::float::conv::int_to_float::u128_to_f128_bits
                0x000000000004a4ac                <compiler_builtins::int::big::u256 as core::ops::bit::Shr<u32>>::shr
                0x000000000004aa64                compiler_builtins::int::big::<impl compiler_builtins::int::HInt for u128>::zero_widen_mul
                0x000000000004aa64                compiler_builtins::int::big::<impl compiler_builtins::int::HInt for i128>::zero_widen_mul
                0x000000000004aa64                compiler_builtins::int::big::<impl compiler_builtins::int::HInt for u128>::widen_mul
                0x000000000004abc4                compiler_builtins::int::big::<impl compiler_builtins::int::HInt for i128>::widen_mul
                0x000000000004ac18                compiler_builtins::int::big::<impl compiler_builtins::int::HInt for i128>::widen_hi
                0x000000000004ac18                compiler_builtins::int::big::<impl compiler_builtins::int::HInt for u128>::widen_hi
                0x000000000004ac6c                <compiler_builtins::int::big::u256 as compiler_builtins::int::DInt>::lo
                0x000000000004ac6c                <compiler_builtins::int::big::i256 as compiler_builtins::int::DInt>::lo
                0x000000000004ace0                <compiler_builtins::int::big::i256 as compiler_builtins::int::DInt>::hi
                0x000000000004ace0                <compiler_builtins::int::big::u256 as compiler_builtins::int::DInt>::hi
                0x000000000004ad54                compiler_builtins::float::add::__addsf3
                0x000000000004b744                __addsf3
                0x000000000004b7b4                compiler_builtins::float::add::__adddf3
                0x000000000004c1a8                __adddf3
                0x000000000004c218                __addtf3
                0x000000000004c288                compiler_builtins::float::cmp::__gtsf2
                0x000000000004c288                compiler_builtins::float::cmp::__gesf2
                0x000000000004c480                __gesf2
                0x000000000004c480                __gtsf2
                0x000000000004c678                compiler_builtins::float::cmp::__unordsf2
                0x000000000004c6f8                __unordsf2
                0x000000000004c778                compiler_builtins::float::cmp::__ltsf2
                0x000000000004c778                compiler_builtins::float::cmp::__lesf2
                0x000000000004c778                compiler_builtins::float::cmp::__eqsf2
                0x000000000004c778                compiler_builtins::float::cmp::__nesf2
                0x000000000004c978                __lesf2
                0x000000000004c978                __ltsf2
                0x000000000004c978                __eqsf2
                0x000000000004c978                __nesf2
                0x000000000004cb78                compiler_builtins::float::cmp::__gedf2
                0x000000000004cb78                compiler_builtins::float::cmp::__gtdf2
                0x000000000004cd70                __gtdf2
                0x000000000004cd70                __gedf2
                0x000000000004cf68                compiler_builtins::float::cmp::__unorddf2
                0x000000000004cfe8                __unorddf2
                0x000000000004d068                compiler_builtins::float::cmp::__eqdf2
                0x000000000004d068                compiler_builtins::float::cmp::__nedf2
                0x000000000004d068                compiler_builtins::float::cmp::__ledf2
                0x000000000004d068                compiler_builtins::float::cmp::__ltdf2
                0x000000000004d268                __ltdf2
                0x000000000004d268                __ledf2
                0x000000000004d268                __nedf2
                0x000000000004d268                __eqdf2
                0x000000000004d468                __gttf2
                0x000000000004d468                __getf2
                0x000000000004d678                __unordtf2
                0x000000000004d764                __letf2
                0x000000000004d764                __lttf2
                0x000000000004d764                __netf2
                0x000000000004d764                __eqtf2
                0x000000000004d97c                compiler_builtins::float::conv::__floatunsisf
                0x000000000004da6c                __floatunsisf
                0x000000000004db5c                compiler_builtins::float::conv::__floatunsidf
                0x000000000004dc44                __floatunsidf
                0x000000000004dd2c                compiler_builtins::float::conv::__floatundisf
                0x000000000004ddd8                __floatundisf
                0x000000000004de84                compiler_builtins::float::conv::__floatundidf
                0x000000000004df74                __floatundidf
                0x000000000004e064                compiler_builtins::float::conv::__floatuntisf
                0x000000000004e158                __floatuntisf
                0x000000000004e24c                compiler_builtins::float::conv::__floatuntidf
                0x000000000004e334                __floatuntidf
                0x000000000004e41c                __floatunsitf
                0x000000000004e510                __floatunditf
                0x000000000004e618                __floatuntitf
                0x000000000004e75c                compiler_builtins::float::conv::__floatsisf
                0x000000000004e8a4                __floatsisf
                0x000000000004e9ec                compiler_builtins::float::conv::__floatsidf
                0x000000000004eb28                __floatsidf
                0x000000000004ec64                compiler_builtins::float::conv::__floatdisf
                0x000000000004ed24                __floatdisf
                0x000000000004ede4                compiler_builtins::float::conv::__floatdidf
                0x000000000004ef2c                __floatdidf
                0x000000000004f074                compiler_builtins::float::conv::__floattisf
                0x000000000004f184                __floattisf
                0x000000000004f294                compiler_builtins::float::conv::__floattidf
                0x000000000004f394                __floattidf
                0x000000000004f494                __floatsitf
                0x000000000004f5e0                __floatditf
                0x000000000004f740                __floattitf
                0x000000000004f8b8                compiler_builtins::float::conv::__fixunssfsi
                0x000000000004fa28                __fixunssfsi
                0x000000000004fb98                compiler_builtins::float::conv::__fixunssfdi
                0x000000000004fd08                __fixunssfdi
                0x000000000004fe78                compiler_builtins::float::conv::__fixunssfti
                0x0000000000050018                __fixunssfti
                0x00000000000501b8                compiler_builtins::float::conv::__fixunsdfsi
                0x000000000005032c                __fixunsdfsi
                0x00000000000504a0                compiler_builtins::float::conv::__fixunsdfdi
                0x0000000000050610                __fixunsdfdi
                0x0000000000050780                compiler_builtins::float::conv::__fixunsdfti
                0x0000000000050924                __fixunsdfti
                0x0000000000050ac8                __fixunstfsi
                0x0000000000050c54                __fixunstfdi
                0x0000000000050ddc                __fixunstfti
                0x0000000000050fa4                compiler_builtins::float::conv::__fixsfsi
                0x000000000005117c                __fixsfsi
                0x0000000000051354                compiler_builtins::float::conv::__fixsfdi
                0x000000000005152c                __fixsfdi
                0x0000000000051704                compiler_builtins::float::conv::__fixsfti
                0x0000000000051914                __fixsfti
                0x0000000000051b24                compiler_builtins::float::conv::__fixdfsi
                0x0000000000051d00                __fixdfsi
                0x0000000000051edc                compiler_builtins::float::conv::__fixdfdi
                0x00000000000520b4                __fixdfdi
                0x000000000005228c                compiler_builtins::float::conv::__fixdfti
                0x00000000000524a0                __fixdfti
                0x00000000000526b4                __fixtfsi
                0x00000000000528a0                __fixtfdi
                0x0000000000052a88                __fixtfti
                0x0000000000052cb8                compiler_builtins::float::div::__divsf3
                0x000000000005348c                __divsf3
                0x00000000000534fc                compiler_builtins::float::div::__divdf3
                0x0000000000053d00                __divdf3
                0x0000000000053d70                __divtf3
                0x0000000000054838                compiler_builtins::float::extend::__extendsfdf2
                0x0000000000054aac                __extendsfdf2
                0x0000000000054d20                __gnu_h2f_ieee
                0x0000000000054d20                __extendhfsf2
                0x0000000000054f98                __extendhftf2
                0x00000000000551ac                __extendsftf2
                0x00000000000553bc                __extenddftf2
                0x00000000000555cc                compiler_builtins::float::mul::__mulsf3
                0x0000000000055dc8                __mulsf3
                0x0000000000055e38                compiler_builtins::float::mul::__muldf3
                0x0000000000056634                __muldf3
                0x00000000000566a4                __multf3
                0x000000000005711c                compiler_builtins::float::pow::__powisf2
                0x0000000000057260                __powisf2
                0x00000000000573a4                compiler_builtins::float::pow::__powidf2
                0x00000000000574e8                __powidf2
                0x000000000005762c                __powitf2
                0x00000000000577c8                compiler_builtins::float::sub::__subsf3
                0x000000000005783c                __subsf3
                0x00000000000578b0                compiler_builtins::float::sub::__subdf3
                0x0000000000057924                __subdf3
                0x0000000000057998                __subtf3
                0x0000000000057a1c                compiler_builtins::float::trunc::__truncdfsf2
                0x0000000000057ea4                __truncdfsf2
                0x000000000005832c                __gnu_f2h_ieee
                0x000000000005832c                __truncsfhf2
                0x00000000000587b0                __truncdfhf2
                0x0000000000058c3c                __trunctfhf2
                0x0000000000059130                __trunctfsf2
                0x0000000000059618                __trunctfdf2
                0x0000000000059af0                <f16 as compiler_builtins::float::Float>::normalize
                0x0000000000059b80                <f32 as compiler_builtins::float::Float>::normalize
                0x0000000000059c04                <f64 as compiler_builtins::float::Float>::normalize
                0x0000000000059c88                <f128 as compiler_builtins::float::Float>::normalize
                0x000000000005a65c                compiler_builtins::int::addsub::__rust_u128_add
                0x000000000005a65c                compiler_builtins::int::addsub::__rust_i128_add
                0x000000000005a6d8                __rust_u128_add
                0x000000000005a6d8                __rust_i128_add
                0x000000000005a754                compiler_builtins::int::addsub::__rust_i128_addo
                0x000000000005a7ec                __rust_i128_addo
                0x000000000005a884                compiler_builtins::int::addsub::__rust_u128_addo
                0x000000000005a910                __rust_u128_addo
                0x000000000005a99c                compiler_builtins::int::addsub::__rust_u128_sub
                0x000000000005a99c                compiler_builtins::int::addsub::__rust_i128_sub
                0x000000000005aa18                __rust_u128_sub
                0x000000000005aa18                __rust_i128_sub
                0x000000000005aa94                compiler_builtins::int::addsub::__rust_i128_subo
                0x000000000005ab2c                __rust_i128_subo
                0x000000000005abc4                compiler_builtins::int::addsub::__rust_u128_subo
                0x000000000005ac50                __rust_u128_subo
                0x000000000005acdc                <compiler_builtins::int::big::u256 as core::ops::bit::Shl<u32>>::shl
                0x000000000005acdc                <compiler_builtins::int::big::i256 as core::ops::bit::Shl<u32>>::shl
                0x000000000005ad30                compiler_builtins::int::bswap::__bswapsi2
                0x000000000005ad98                __bswapsi2
                0x000000000005ae00                compiler_builtins::int::bswap::__bswapdi2
                0x000000000005ae68                __bswapdi2
                0x000000000005aed0                compiler_builtins::int::bswap::__bswapti2
                0x000000000005af4c                __bswapti2
                0x000000000005afc8                compiler_builtins::int::leading_zeros::__clzsi2
                0x000000000005b094                __clzsi2
                0x000000000005b160                compiler_builtins::int::leading_zeros::__clzdi2
                0x000000000005b240                __clzdi2
                0x000000000005b320                compiler_builtins::int::leading_zeros::__clzti2
                0x000000000005b50c                __clzti2
                0x000000000005b584                compiler_builtins::int::mul::__muldi3
                0x000000000005b62c                __muldi3
                0x000000000005b6d4                compiler_builtins::int::mul::__multi3
                0x000000000005b784                __multi3
                0x000000000005b834                compiler_builtins::int::mul::__mulosi4
                0x000000000005bae4                __mulosi4
                0x000000000005bd94                compiler_builtins::int::mul::__mulodi4
                0x000000000005c034                __mulodi4
                0x000000000005c2d4                __rust_i128_mulo
                0x000000000005c2d4                __muloti4
                0x000000000005c578                compiler_builtins::int::mul::__rust_i128_mulo
                0x000000000005c578                compiler_builtins::int::mul::__muloti4
                0x000000000005c81c                compiler_builtins::int::mul::__rust_u128_mulo
                0x000000000005c9c4                __rust_u128_mulo
                0x000000000005cb6c                compiler_builtins::int::sdiv::__divmodsi4
                0x000000000005d298                __divmodsi4
                0x000000000005d310                compiler_builtins::int::sdiv::__divsi3
                0x000000000005d640                __divsi3
                0x000000000005d970                compiler_builtins::int::sdiv::__modsi3
                0x000000000005df88                __modsi3
                0x000000000005e000                compiler_builtins::int::sdiv::__divmoddi4
                0x000000000005e734                __divmoddi4
                0x000000000005e7ac                compiler_builtins::int::sdiv::__divdi3
                0x000000000005eae0                __divdi3
                0x000000000005ee14                compiler_builtins::int::sdiv::__moddi3
                0x000000000005f434                __moddi3
                0x000000000005f4ac                compiler_builtins::int::sdiv::__divmodti4
                0x000000000005f6e0                __divmodti4
                0x000000000005f914                compiler_builtins::int::sdiv::__divti3
                0x000000000005f9e4                __divti3
                0x000000000005fab4                compiler_builtins::int::sdiv::__modti3
                0x000000000005fcb0                __modti3
                0x000000000005feac                compiler_builtins::int::shift::__ashlsi3
                0x0000000000060024                __ashlsi3
                0x000000000006019c                compiler_builtins::int::shift::__ashldi3
                0x0000000000060300                __ashldi3
                0x0000000000060464                compiler_builtins::int::shift::__ashlti3
                0x00000000000605cc                __ashlti3
                0x0000000000060734                compiler_builtins::int::shift::__ashrsi3
                0x00000000000608b8                __ashrsi3
                0x0000000000060a3c                compiler_builtins::int::shift::__ashrdi3
                0x0000000000060ba8                __ashrdi3
                0x0000000000060d14                compiler_builtins::int::shift::__ashrti3
                0x0000000000060e80                __ashrti3
                0x0000000000060fec                compiler_builtins::int::shift::__lshrsi3
                0x0000000000061164                __lshrsi3
                0x00000000000612dc                compiler_builtins::int::shift::__lshrdi3
                0x0000000000061440                __lshrdi3
                0x00000000000615a4                compiler_builtins::int::shift::__lshrti3
                0x0000000000061710                __lshrti3
                0x000000000006187c                compiler_builtins::int::trailing_zeros::__ctzsi2
                0x0000000000061954                __ctzsi2
                0x0000000000061a2c                compiler_builtins::int::trailing_zeros::__ctzdi2
                0x0000000000061b18                __ctzdi2
                0x0000000000061c04                compiler_builtins::int::trailing_zeros::__ctzti2
                0x0000000000061e08                __ctzti2
                0x0000000000061e80                compiler_builtins::int::udiv::__udivsi3
                0x000000000006214c                __udivsi3
                0x0000000000062418                compiler_builtins::int::udiv::__umodsi3
                0x00000000000626ac                __umodsi3
                0x0000000000062940                compiler_builtins::int::udiv::__udivmodsi4
                0x0000000000062c60                __udivmodsi4
                0x0000000000062f80                compiler_builtins::int::udiv::__udivdi3
                0x0000000000063250                __udivdi3
                0x0000000000063520                compiler_builtins::int::udiv::__umoddi3
                0x00000000000637b8                __umoddi3
                0x0000000000063a50                compiler_builtins::int::udiv::__udivmoddi4
                0x0000000000063d74                __udivmoddi4
                0x0000000000064098                compiler_builtins::int::udiv::__udivti3
                0x0000000000064128                __udivti3
                0x00000000000641b8                compiler_builtins::int::udiv::__umodti3
                0x0000000000064248                __umodti3
                0x00000000000642d8                compiler_builtins::int::udiv::__udivmodti4
                0x0000000000064378                __udivmodti4
                0x0000000000064418                <u8 as compiler_builtins::int::Int>::abs_diff
                0x0000000000064490                <u8 as compiler_builtins::int::Int>::ilog2
                0x0000000000064590                <u8 as compiler_builtins::int::Int>::rotate_left
                0x0000000000064590                <i8 as compiler_builtins::int::Int>::rotate_left
                0x0000000000064618                <i8 as compiler_builtins::int::Int>::leading_zeros
                0x0000000000064618                <u8 as compiler_builtins::int::Int>::leading_zeros
                0x0000000000064684                <i8 as compiler_builtins::int::Int>::ilog2
                0x0000000000064788                <u16 as compiler_builtins::int::Int>::ilog2
                0x0000000000064888                <u16 as compiler_builtins::int::Int>::rotate_left
                0x0000000000064888                <i16 as compiler_builtins::int::Int>::rotate_left
                0x0000000000064910                <i16 as compiler_builtins::int::Int>::leading_zeros
                0x0000000000064910                <u16 as compiler_builtins::int::Int>::leading_zeros
                0x000000000006497c                <i16 as compiler_builtins::int::Int>::ilog2
                0x0000000000064a80                <u32 as compiler_builtins::int::Int>::ilog2
                0x0000000000064b78                <u32 as compiler_builtins::int::Int>::rotate_left
                0x0000000000064b78                <i32 as compiler_builtins::int::Int>::rotate_left
                0x0000000000064be8                <i32 as compiler_builtins::int::Int>::leading_zeros
                0x0000000000064be8                <u32 as compiler_builtins::int::Int>::leading_zeros
                0x0000000000064c50                <i32 as compiler_builtins::int::Int>::ilog2
                0x0000000000064d4c                <usize as compiler_builtins::int::Int>::ilog2
                0x0000000000064d4c                <u64 as compiler_builtins::int::Int>::ilog2
                0x0000000000064e44                <i64 as compiler_builtins::int::Int>::rotate_left
                0x0000000000064e44                <u64 as compiler_builtins::int::Int>::rotate_left
                0x0000000000064e44                <usize as compiler_builtins::int::Int>::rotate_left
                0x0000000000064e44                <isize as compiler_builtins::int::Int>::rotate_left
                0x0000000000064eb4                <i64 as compiler_builtins::int::Int>::leading_zeros
                0x0000000000064eb4                <u64 as compiler_builtins::int::Int>::leading_zeros
                0x0000000000064eb4                <usize as compiler_builtins::int::Int>::leading_zeros
                0x0000000000064eb4                <isize as compiler_builtins::int::Int>::leading_zeros
                0x0000000000064f1c                <isize as compiler_builtins::int::Int>::ilog2
                0x0000000000064f1c                <i64 as compiler_builtins::int::Int>::ilog2
                0x0000000000065018                <u128 as compiler_builtins::int::Int>::ilog2
                0x0000000000065128                <i128 as compiler_builtins::int::Int>::rotate_left
                0x0000000000065128                <u128 as compiler_builtins::int::Int>::rotate_left
                0x00000000000651cc                <i128 as compiler_builtins::int::Int>::leading_zeros
                0x00000000000651cc                <u128 as compiler_builtins::int::Int>::leading_zeros
                0x0000000000065248                <i128 as compiler_builtins::int::Int>::ilog2
                0x000000000006535c                compiler_builtins::mem::memcpy
                0x00000000000658ec                compiler_builtins::mem::memmove
                0x0000000000066414                compiler_builtins::mem::memset
                0x00000000000668f4                compiler_builtins::mem::bcmp
                0x00000000000668f4                compiler_builtins::mem::memcmp
                0x0000000000066a50                compiler_builtins::mem::strlen
                0x0000000000066b24                compiler_builtins::mem::__llvm_memcpy_element_unordered_atomic_1
                0x0000000000066be4                __llvm_memcpy_element_unordered_atomic_1
                0x0000000000066ca4                compiler_builtins::mem::__llvm_memcpy_element_unordered_atomic_2
                0x0000000000066db8                __llvm_memcpy_element_unordered_atomic_2
                0x0000000000066ecc                compiler_builtins::mem::__llvm_memcpy_element_unordered_atomic_4
                0x0000000000066fe0                __llvm_memcpy_element_unordered_atomic_4
                0x00000000000670f4                compiler_builtins::mem::__llvm_memcpy_element_unordered_atomic_8
                0x0000000000067208                __llvm_memcpy_element_unordered_atomic_8
                0x000000000006731c                compiler_builtins::mem::__llvm_memcpy_element_unordered_atomic_16
                0x0000000000067454                __llvm_memcpy_element_unordered_atomic_16
                0x000000000006758c                compiler_builtins::mem::__llvm_memmove_element_unordered_atomic_1
                0x00000000000676c0                __llvm_memmove_element_unordered_atomic_1
                0x00000000000677f4                compiler_builtins::mem::__llvm_memmove_element_unordered_atomic_2
                0x000000000006797c                __llvm_memmove_element_unordered_atomic_2
                0x0000000000067b04                compiler_builtins::mem::__llvm_memmove_element_unordered_atomic_4
                0x0000000000067c8c                __llvm_memmove_element_unordered_atomic_4
                0x0000000000067e14                compiler_builtins::mem::__llvm_memmove_element_unordered_atomic_8
                0x0000000000067f9c                __llvm_memmove_element_unordered_atomic_8
                0x0000000000068124                compiler_builtins::mem::__llvm_memmove_element_unordered_atomic_16
                0x00000000000682e0                __llvm_memmove_element_unordered_atomic_16
                0x000000000006849c                compiler_builtins::mem::__llvm_memset_element_unordered_atomic_1
                0x0000000000068558                __llvm_memset_element_unordered_atomic_1
                0x0000000000068614                compiler_builtins::mem::__llvm_memset_element_unordered_atomic_2
                0x000000000006872c                __llvm_memset_element_unordered_atomic_2
                0x0000000000068844                compiler_builtins::mem::__llvm_memset_element_unordered_atomic_4
                0x0000000000068960                __llvm_memset_element_unordered_atomic_4
                0x0000000000068a7c                compiler_builtins::mem::__llvm_memset_element_unordered_atomic_8
                0x0000000000068b98                __llvm_memset_element_unordered_atomic_8
                0x0000000000068cb4                compiler_builtins::mem::__llvm_memset_element_unordered_atomic_16
                0x0000000000068de4                __llvm_memset_element_unordered_atomic_16
 .text.__aarch64_cas4_relax
                0x0000000000068f14       0x1c /tmp/tmp.X3DxDydoui.o
                0x0000000000068f14                __aarch64_cas4_relax
 .text.__aarch64_cas8_relax
                0x0000000000068f30       0x1c /tmp/tmp.X3DxDydoui.o
                0x0000000000068f30                __aarch64_cas8_relax
 .text.__aarch64_cas4_acq
                0x0000000000068f4c       0x1c /tmp/tmp.X3DxDydoui.o
                0x0000000000068f4c                __aarch64_cas4_acq
 .text.__aarch64_cas8_acq_rel
                0x0000000000068f68       0x1c /tmp/tmp.X3DxDydoui.o
                0x0000000000068f68                __aarch64_cas8_acq_rel
 .text.__aarch64_swp1_relax
                0x0000000000068f84       0x14 /tmp/tmp.X3DxDydoui.o
                0x0000000000068f84                __aarch64_swp1_relax
 .text.__aarch64_swp4_acq
                0x0000000000068f98       0x14 /tmp/tmp.X3DxDydoui.o
                0x0000000000068f98                __aarch64_swp4_acq
 .text.__aarch64_swp8_acq
                0x0000000000068fac       0x14 /tmp/tmp.X3DxDydoui.o
                0x0000000000068fac                __aarch64_swp8_acq
 .text.__aarch64_swp4_rel
                0x0000000000068fc0       0x14 /tmp/tmp.X3DxDydoui.o
                0x0000000000068fc0                __aarch64_swp4_rel
 .text.__aarch64_swp1_acq_rel
                0x0000000000068fd4       0x14 /tmp/tmp.X3DxDydoui.o
                0x0000000000068fd4                __aarch64_swp1_acq_rel
 .text.__aarch64_ldadd4_relax
                0x0000000000068fe8       0x18 /tmp/tmp.X3DxDydoui.o
                0x0000000000068fe8                __aarch64_ldadd4_relax
 .text.__aarch64_ldadd8_relax
                0x0000000000069000       0x18 /tmp/tmp.X3DxDydoui.o
                0x0000000000069000                __aarch64_ldadd8_relax
 .text.__aarch64_ldadd4_acq
                0x0000000000069018       0x18 /tmp/tmp.X3DxDydoui.o
                0x0000000000069018                __aarch64_ldadd4_acq
 .text.__aarch64_ldadd4_rel
                0x0000000000069030       0x18 /tmp/tmp.X3DxDydoui.o
                0x0000000000069030                __aarch64_ldadd4_rel
 .text.__aarch64_ldadd8_rel
                0x0000000000069048       0x18 /tmp/tmp.X3DxDydoui.o
                0x0000000000069048                __aarch64_ldadd8_rel
 .text.__aarch64_ldset8_relax
                0x0000000000069060       0x18 /tmp/tmp.X3DxDydoui.o
                0x0000000000069060                __aarch64_ldset8_relax
 .text          0x0000000000069078      0x93c /tmp/tmp.d221m5cAFB.o
                0x0000000000069570                __rust_panic_cleanup
                0x0000000000069754                __rust_start_panic
 .text          0x00000000000699b4     0x2fd8 /tmp/tmp.Qf2Ul5FkBx.o
                0x000000000006a008                alloc::rc::Rc<T,A>::drop_slow
                0x000000000006b2c8                <rand::distributions::bernoulli::BernoulliError as core::fmt::Display>::fmt
                0x000000000006b344                <rand::distributions::slice::EmptySlice as core::fmt::Display>::fmt
                0x000000000006b3c8                <rand::distributions::weighted_index::WeightedError as core::fmt::Display>::fmt
                0x000000000006b45c                <rand::rngs::adapter::read::ReadError as core::fmt::Display>::fmt
                0x000000000006b504                rand::rngs::adapter::reseeding::ReseedingCore<R,Rsdr>::reseed_and_generate
                0x000000000006b87c                rand::rngs::adapter::reseeding::fork::get_fork_counter
                0x000000000006b904                rand::rngs::adapter::reseeding::fork::register_fork_handler
                0x000000000006b9fc                <rand::rngs::xoshiro256plusplus::Xoshiro256PlusPlus as rand_core::SeedableRng>::seed_from_u64
                0x000000000006bc60                rand::rngs::thread::thread_rng
                0x000000000006bc60                <rand::rngs::thread::ThreadRng as core::default::Default>::default
                0x000000000006be04                <rand::rngs::thread::ThreadRng as rand_core::RngCore>::fill_bytes
                0x000000000006c12c                <rand::rngs::thread::ThreadRng as rand_core::RngCore>::try_fill_bytes
                0x000000000006c458                <rand::seq::index::IndexVec as core::cmp::PartialEq>::eq
 .text          0x000000000006c98c     0x43a8 /tmp/tmp.0uI6Ra9Wj4.o
                0x000000000006cd4c                ryu::pretty::format64
                0x000000000006e9fc                ryu::pretty::format32
 .text          0x0000000000070d34     0x3ba8 /tmp/tmp.qDr5AOhpJi.o
                0x0000000000074280                rand_chacha::guts::read_u32le
                0x000000000007436c                rand_chacha::chacha::abstract20::<impl core::convert::From<&rand_chacha::chacha::abstract20::ChaCha20Rng> for rand_chacha::chacha::ChaCha20Rng>::from
                0x000000000007445c                rand_chacha::chacha::abstract12::<impl core::convert::From<&rand_chacha::chacha::abstract12::ChaCha12Rng> for rand_chacha::chacha::ChaCha12Rng>::from
                0x000000000007454c                <rand_chacha::chacha::ChaCha20Core as core::fmt::Debug>::fmt
                0x000000000007454c                <rand_chacha::chacha::ChaCha12Core as core::fmt::Debug>::fmt
                0x000000000007454c                <rand_chacha::chacha::ChaCha8Core as core::fmt::Debug>::fmt
                0x00000000000745d0                <rand_chacha::chacha::ChaCha12Rng as core::convert::From<rand_chacha::chacha::ChaCha12Core>>::from
                0x00000000000745d0                <rand_chacha::chacha::ChaCha20Rng as core::convert::From<rand_chacha::chacha::ChaCha20Core>>::from
                0x00000000000745d0                <rand_chacha::chacha::ChaCha8Rng as core::convert::From<rand_chacha::chacha::ChaCha8Core>>::from
                0x0000000000074670                <rand_chacha::chacha::ChaCha20Rng as core::cmp::PartialEq>::eq
                0x0000000000074670                <rand_chacha::chacha::ChaCha12Rng as core::cmp::PartialEq>::eq
                0x0000000000074670                <rand_chacha::chacha::ChaCha8Rng as core::cmp::PartialEq>::eq
                0x000000000007475c                <rand_chacha::chacha::abstract8::ChaCha8Rng as core::convert::From<&rand_chacha::chacha::ChaCha8Rng>>::from
                0x000000000007475c                <rand_chacha::chacha::abstract12::ChaCha12Rng as core::convert::From<&rand_chacha::chacha::ChaCha12Rng>>::from
                0x000000000007475c                <rand_chacha::chacha::abstract20::ChaCha20Rng as core::convert::From<&rand_chacha::chacha::ChaCha20Rng>>::from
                0x00000000000747ec                rand_chacha::chacha::abstract8::<impl core::convert::From<&rand_chacha::chacha::abstract8::ChaCha8Rng> for rand_chacha::chacha::ChaCha8Rng>::from
 .text          0x00000000000748dc    0x2a23c /tmp/tmp.louOc1TLJn.o
                0x0000000000074e84                std::io::error::Error::new
                0x000000000007d690                alloc::raw_vec::RawVec<T,A>::grow_one
                0x000000000007e334                serde_json::de::ParserNumber::invalid_type
                0x00000000000800a0                serde_json::de::<impl core::str::traits::FromStr for serde_json::number::Number>::from_str
                0x0000000000080c98                serde_json::error::Error::io_error_kind
                0x0000000000080fe8                serde_json::error::<impl core::convert::From<serde_json::error::Error> for std::io::error::Error>::from
                0x000000000008114c                <serde_json::error::ErrorCode as core::fmt::Display>::fmt
                0x0000000000081928                <serde_json::error::Error as core::error::Error>::source
                0x0000000000081a08                <serde_json::error::Error as core::fmt::Display>::fmt
                0x0000000000081b6c                <serde_json::error::ErrorImpl as core::fmt::Display>::fmt
                0x0000000000081ccc                <serde_json::error::Error as core::fmt::Debug>::fmt
                0x0000000000082130                <serde_json::error::JsonUnexpected as core::fmt::Display>::fmt
                0x0000000000082404                serde_json::error::make_error
                0x00000000000849b4                <<serde_json::map::Map<alloc::string::String,serde_json::value::Value> as serde::de::Deserialize>::deserialize::Visitor as serde::de::Visitor>::expecting
                0x0000000000084a30                serde_json::map::Entry::key
                0x0000000000084b00                serde_json::map::Entry::or_insert
                0x00000000000855f0                serde_json::value::ser::key_must_be_a_string
                0x00000000000855f0                serde_json::ser::key_must_be_a_string
                0x0000000000085674                serde_json::ser::float_key_must_be_finite
                0x00000000000856f8                <serde_json::value::Value as core::fmt::Debug>::fmt
                0x0000000000085c0c                <serde_json::value::Value as core::fmt::Display>::fmt
                0x0000000000085e7c                <<serde_json::value::Value as core::fmt::Display>::fmt::WriterFormatter as std::io::Write>::write
                0x0000000000085f74                serde_json::value::Value::pointer
                0x0000000000086ce0                serde_json::value::Value::pointer_mut
                0x000000000008c920                <serde_json::value::de::<impl serde::de::Deserialize for serde_json::value::Value>::deserialize::ValueVisitor as serde::de::Visitor>::expecting
                0x000000000008c99c                serde_json::value::de::<impl core::str::traits::FromStr for serde_json::value::Value>::from_str
                0x000000000008cff4                <serde_json::value::de::VariantDeserializer as serde::de::VariantAccess>::unit_variant
                0x000000000008d190                serde_json::value::de::SeqDeserializer::new
                0x000000000008d204                <serde_json::value::de::SeqDeserializer as serde::de::SeqAccess>::size_hint
                0x000000000008d27c                serde_json::value::de::MapDeserializer::new
                0x000000000008d30c                <serde_json::value::de::VariantRefDeserializer as serde::de::VariantAccess>::unit_variant
                0x000000000008d47c                <serde_json::value::de::SeqRefDeserializer as serde::de::SeqAccess>::size_hint
                0x000000000008d4f0                <serde_json::value::de::KeyClassifier as serde::de::Visitor>::expecting
                0x000000000008d56c                serde_json::value::from::<impl core::convert::From<f32> for serde_json::value::Value>::from
                0x000000000008d6e4                serde_json::value::from::<impl core::convert::From<f64> for serde_json::value::Value>::from
                0x000000000008d854                serde_json::value::from::<impl core::convert::From<&str> for serde_json::value::Value>::from
                0x000000000008da74                serde_json::value::from::<impl core::convert::From<alloc::borrow::Cow<str>> for serde_json::value::Value>::from
                0x000000000008dd3c                <usize as serde_json::value::index::Index>::index_or_insert
                0x000000000008df70                <str as serde_json::value::index::Index>::index_into
                0x000000000008e310                <str as serde_json::value::index::Index>::index_into_mut
                0x000000000008e6b0                <str as serde_json::value::index::Index>::index_or_insert
                0x000000000008ee88                <alloc::string::String as serde_json::value::index::Index>::index_into
                0x000000000008f22c                <alloc::string::String as serde_json::value::index::Index>::index_into_mut
                0x000000000008f5d0                <alloc::string::String as serde_json::value::index::Index>::index_or_insert
                0x000000000008f648                <serde_json::value::index::Type as core::fmt::Display>::fmt
                0x000000000008f81c                serde_json::value::partial_eq::<impl core::cmp::PartialEq<str> for serde_json::value::Value>::eq
                0x000000000008f900                serde_json::value::partial_eq::<impl core::cmp::PartialEq<&str> for serde_json::value::Value>::eq
                0x000000000008f9ec                serde_json::value::partial_eq::<impl core::cmp::PartialEq<serde_json::value::Value> for str>::eq
                0x000000000008fad4                serde_json::value::partial_eq::<impl core::cmp::PartialEq<serde_json::value::Value> for &str>::eq
                0x000000000008fbc0                serde_json::value::partial_eq::<impl core::cmp::PartialEq<alloc::string::String> for serde_json::value::Value>::eq
                0x000000000008fcac                serde_json::value::partial_eq::<impl core::cmp::PartialEq<serde_json::value::Value> for alloc::string::String>::eq
                0x00000000000930bc                <serde_json::value::ser::Serializer as serde::ser::Serializer>::serialize_i128
                0x00000000000932a4                <serde_json::value::ser::Serializer as serde::ser::Serializer>::serialize_u128
                0x00000000000933d4                <serde_json::value::ser::Serializer as serde::ser::Serializer>::serialize_bytes
                0x00000000000936b4                <serde_json::value::ser::Serializer as serde::ser::Serializer>::serialize_seq
                0x00000000000938d0                <serde_json::value::ser::Serializer as serde::ser::Serializer>::serialize_tuple
                0x0000000000093ae0                <serde_json::value::ser::Serializer as serde::ser::Serializer>::serialize_tuple_struct
                0x0000000000093cf0                <serde_json::value::ser::Serializer as serde::ser::Serializer>::serialize_tuple_variant
                0x00000000000940cc                <serde_json::value::ser::Serializer as serde::ser::Serializer>::serialize_struct_variant
                0x00000000000942e8                <serde_json::value::ser::SerializeTupleVariant as serde::ser::SerializeTupleVariant>::end
                0x00000000000944b8                <serde_json::value::ser::SerializeMap as serde::ser::SerializeMap>::end
                0x00000000000945d0                <serde_json::value::ser::MapKeySerializer as serde::ser::Serializer>::serialize_bool
                0x0000000000094760                <serde_json::value::ser::MapKeySerializer as serde::ser::Serializer>::serialize_i8
                0x0000000000094bc4                <serde_json::value::ser::MapKeySerializer as serde::ser::Serializer>::serialize_i16
                0x0000000000094e14                <serde_json::value::ser::MapKeySerializer as serde::ser::Serializer>::serialize_i32
                0x0000000000095064                <serde_json::value::ser::MapKeySerializer as serde::ser::Serializer>::serialize_i64
                0x00000000000952b4                <serde_json::value::ser::MapKeySerializer as serde::ser::Serializer>::serialize_u8
                0x0000000000095704                <serde_json::value::ser::MapKeySerializer as serde::ser::Serializer>::serialize_u16
                0x0000000000095954                <serde_json::value::ser::MapKeySerializer as serde::ser::Serializer>::serialize_u32
                0x0000000000095ba4                <serde_json::value::ser::MapKeySerializer as serde::ser::Serializer>::serialize_u64
                0x0000000000095df4                <serde_json::value::ser::MapKeySerializer as serde::ser::Serializer>::serialize_f32
                0x000000000009609c                <serde_json::value::ser::MapKeySerializer as serde::ser::Serializer>::serialize_f64
                0x0000000000096344                <serde_json::value::ser::MapKeySerializer as serde::ser::Serializer>::serialize_unit_struct
                0x0000000000096344                <serde_json::value::ser::MapKeySerializer as serde::ser::Serializer>::serialize_bytes
                0x00000000000963cc                <serde_json::value::ser::MapKeySerializer as serde::ser::Serializer>::serialize_none
                0x00000000000963cc                <serde_json::value::ser::MapKeySerializer as serde::ser::Serializer>::serialize_unit
                0x0000000000096454                <serde_json::value::ser::MapKeySerializer as serde::ser::Serializer>::serialize_tuple
                0x00000000000964d8                <serde_json::value::ser::MapKeySerializer as serde::ser::Serializer>::serialize_tuple_variant
                0x00000000000964d8                <serde_json::value::ser::MapKeySerializer as serde::ser::Serializer>::serialize_struct_variant
                0x000000000009655c                <serde_json::value::ser::MapKeySerializer as serde::ser::Serializer>::serialize_seq
                0x000000000009655c                <serde_json::value::ser::MapKeySerializer as serde::ser::Serializer>::serialize_map
                0x00000000000965e0                <serde_json::value::ser::MapKeySerializer as serde::ser::Serializer>::serialize_tuple_struct
                0x00000000000965e0                <serde_json::value::ser::MapKeySerializer as serde::ser::Serializer>::serialize_struct
                0x0000000000096664                <serde_json::value::ser::SerializeMap as serde::ser::SerializeStruct>::end
                0x000000000009677c                <serde_json::value::ser::SerializeStructVariant as serde::ser::SerializeStructVariant>::end
                0x000000000009694c                <serde_json::number::Number as core::fmt::Display>::fmt
                0x00000000000970a4                <serde_json::number::Number as core::fmt::Debug>::fmt
                0x0000000000097158                <<serde_json::number::Number as serde::de::Deserialize>::deserialize::NumberVisitor as serde::de::Visitor>::expecting
                0x00000000000971d4                <serde_json::read::SliceRead as serde_json::read::Read>::position
                0x0000000000097364                <serde_json::read::SliceRead as serde_json::read::Read>::peek_position
                0x000000000009745c                <serde_json::read::SliceRead as serde_json::read::Read>::parse_str
                0x00000000000980cc                <serde_json::read::SliceRead as serde_json::read::Read>::parse_str_raw
                0x00000000000989d4                <serde_json::read::SliceRead as serde_json::read::Read>::ignore_str
                0x0000000000099268                <serde_json::read::SliceRead as serde_json::read::Read>::decode_hex_escape
                0x00000000000998c4                <serde_json::read::StrRead as serde_json::read::Read>::position
                0x0000000000099a54                <serde_json::read::StrRead as serde_json::read::Read>::peek_position
                0x0000000000099b4c                <serde_json::read::StrRead as serde_json::read::Read>::parse_str
                0x000000000009a52c                <serde_json::read::StrRead as serde_json::read::Read>::parse_str_raw
                0x000000000009a59c                <serde_json::read::StrRead as serde_json::read::Read>::ignore_str
                0x000000000009a60c                <serde_json::read::StrRead as serde_json::read::Read>::decode_hex_escape
                0x000000000009c0cc                serde_json::read::parse_escape::encode_surrogate
                0x000000000009c230                serde_json::read::decode_hex_val
                0x000000000009c2b8                serde_json::value::partial_eq::<impl core::cmp::PartialEq<i8> for serde_json::value::Value>::eq
                0x000000000009c488                serde_json::value::partial_eq::<impl core::cmp::PartialEq<serde_json::value::Value> for i8>::eq
                0x000000000009c658                serde_json::value::partial_eq::<impl core::cmp::PartialEq<i8> for &mut serde_json::value::Value>::eq
                0x000000000009c658                serde_json::value::partial_eq::<impl core::cmp::PartialEq<i8> for &serde_json::value::Value>::eq
                0x000000000009c82c                serde_json::value::partial_eq::<impl core::cmp::PartialEq<i16> for serde_json::value::Value>::eq
                0x000000000009c9fc                serde_json::value::partial_eq::<impl core::cmp::PartialEq<serde_json::value::Value> for i16>::eq
                0x000000000009cbcc                serde_json::value::partial_eq::<impl core::cmp::PartialEq<i16> for &mut serde_json::value::Value>::eq
                0x000000000009cbcc                serde_json::value::partial_eq::<impl core::cmp::PartialEq<i16> for &serde_json::value::Value>::eq
                0x000000000009cda0                serde_json::value::partial_eq::<impl core::cmp::PartialEq<i32> for serde_json::value::Value>::eq
                0x000000000009cf70                serde_json::value::partial_eq::<impl core::cmp::PartialEq<serde_json::value::Value> for i32>::eq
                0x000000000009d140                serde_json::value::partial_eq::<impl core::cmp::PartialEq<i32> for &serde_json::value::Value>::eq
                0x000000000009d140                serde_json::value::partial_eq::<impl core::cmp::PartialEq<i32> for &mut serde_json::value::Value>::eq
                0x000000000009d314                serde_json::value::partial_eq::<impl core::cmp::PartialEq<i64> for serde_json::value::Value>::eq
                0x000000000009d314                serde_json::value::partial_eq::<impl core::cmp::PartialEq<isize> for serde_json::value::Value>::eq
                0x000000000009d4e4                serde_json::value::partial_eq::<impl core::cmp::PartialEq<serde_json::value::Value> for isize>::eq
                0x000000000009d4e4                serde_json::value::partial_eq::<impl core::cmp::PartialEq<serde_json::value::Value> for i64>::eq
                0x000000000009d6b4                serde_json::value::partial_eq::<impl core::cmp::PartialEq<i64> for &serde_json::value::Value>::eq
                0x000000000009d6b4                serde_json::value::partial_eq::<impl core::cmp::PartialEq<isize> for &mut serde_json::value::Value>::eq
                0x000000000009d6b4                serde_json::value::partial_eq::<impl core::cmp::PartialEq<i64> for &mut serde_json::value::Value>::eq